<html>
<body>
<pre>
<h1>µVision Build Log</h1>
<h2>Tool Versions:</h2>
IDE-Version: ¦ÌVision V5.26.2.0
Copyright (C) 2018 ARM Ltd and ARM Germany GmbH. All rights reserved.
License Information: Maydouble luo, com, LIC=MPPJJ-UR8AV-JIW5S-LS33G-YJSCH-3K681
 
Tool Versions:
Toolchain:       MDK-ARM Plus  Version: 5.26.2.0
Toolchain Path:  D:\Keil_v5\ARM\ARMCC\Bin
C Compiler:      Armcc.exe V5.06 update 6 (build 750)
Assembler:       Armasm.exe V5.06 update 6 (build 750)
Linker/Locator:  ArmLink.exe V5.06 update 6 (build 750)
Library Manager: ArmAr.exe V5.06 update 6 (build 750)
Hex Converter:   FromElf.exe V5.06 update 6 (build 750)
CPU DLL:         SARMCM3.DLL V5.26.2.0
Dialog DLL:      DARMSTM.DLL V1.68.0.0
Target DLL:      STLink\ST-LINKIII-KEIL_SWO.dll V3.0.5.0
Dialog DLL:      TCM.DLL V1.36.1.0
 
<h2>Project:</h2>
C:\Users\24193\Desktop\OpenRobot_NEO-3_0\OpenRobot\Openrobot.uvprojx
Project File Date:  10/24/2018

<h2>Output:</h2>
*** Using Compiler 'V5.06 update 6 (build 750)', folder: 'D:\Keil_v5\ARM\ARMCC\Bin'
*** Warning: You are compiling one or more files of source type C++ and have selected 'use MicroLIB'. MicroLIB does not support C++!
  
Build target 'openRobot'
compiling CMotor.cpp...
compiling CPackage.cpp...
compiling main.cpp...
compiling CKalman.cpp...
compiling CSonar.cpp...
assembling startup_stm32f746xx.s...
compiling system_stm32f7xx.c...
compiling stm32f7xx_it.c...
compiling sys.c...
compiling delay.c...
compiling drv_led.c...
compiling drv_spi.c...
compiling drv_pin.c...
compiling bsp.c...
compiling system_clock.c...
compiling drv_uart.c...
compiling drv_micros.c...
compiling drv_timer.c...
compiling drv_motor.c...
compiling wdg.c...
compiling drv_exti.c...
compiling vcp.c...
compiling drv_battery.c...
..\lib\drvice\drv_battery.c(54): warning:  #177-D: function "mapResolution"  was declared but never referenced
  static inline uint32_t mapResolution(uint32_t value, uint32_t from, uint32_t to) {
..\lib\drvice\drv_battery.c: 1 warning, 0 errors
compiling stm32f7xx_hal.c...
compiling stm32f7xx_hal_cortex.c...
compiling stm32f7xx_hal_dma.c...
compiling stm32f7xx_hal_gpio.c...
compiling stm32f7xx_hal_dma_ex.c...
compiling stm32f7xx_hal_pwr.c...
compiling stm32f7xx_hal_pwr_ex.c...
compiling stm32f7xx_hal_rcc_ex.c...
compiling stm32f7xx_hal_rcc.c...
compiling stm32f7xx_hal_uart.c...
compiling stm32f7xx_hal_usart.c...
compiling stm32f7xx_hal_spi.c...
compiling stm32f7xx_hal_pcd.c...
compiling stm32f7xx_hal_pcd_ex.c...
compiling stm32f7xx_hal_iwdg.c...
compiling stm32f7xx_hal_ltdc.c...
compiling stm32f7xx_hal_tim_ex.c...
compiling stm32f7xx_hal_tim.c...
compiling stm32f7xx_hal_ltdc_ex.c...
compiling stm32f7xx_ll_sdmmc.c...
compiling stm32f7xx_ll_fmc.c...
compiling stm32f7xx_ll_usb.c...
compiling stm32f7xx_hal_adc.c...
compiling stm32f7xx_hal_adc_ex.c...
compiling MadgwickAHRS.cpp...
compiling SPI.cpp...
compiling imu_spi.cpp...
compiling duration.cpp...
compiling MPU9250.cpp...
compiling time.cpp...
compiling itoa.c...
compiling WMath.cpp...
compiling IMU.cpp...
compiling RingBuffer.cpp...
compiling WString.cpp...
compiling UARTClass.cpp...
compiling Print.cpp...
compiling dtostrf.c...
compiling Stream.cpp...
compiling DataScope_DP.C...
compiling myiic.c...
compiling mpu.c...
compiling USBSerial.cpp...
compiling 24cxx.c...
compiling mpu9250_iic.c...
compiling usbd_cdc.c...
compiling usbd_cdc_interface.c...
..\lib\usb_cdc\usbd_cdc_interface.c(66): warning:  #550-D: variable "UserTxBufPtrOutShadow"  was set but never used
  static uint16_t UserTxBufPtrOutShadow = 0; // shadow of above
..\lib\usb_cdc\usbd_cdc_interface.c(67): warning:  #550-D: variable "UserTxBufPtrWaitCount"  was set but never used
  static uint8_t  UserTxBufPtrWaitCount = 0; // used to implement a timeout waiting for low-level USB driver
..\lib\usb_cdc\usbd_cdc_interface.c(68): warning:  #550-D: variable "UserTxNeedEmptyPacket"  was set but never used
  static uint8_t  UserTxNeedEmptyPacket = 0; // used to flush the USB IN endpoint if the last packet was exactly the endpoint packet size
..\lib\usb_cdc\usbd_cdc_interface.c(74): warning:  #550-D: variable "rxd_length"  was set but never used
  static uint32_t rxd_length    = 0;
..\lib\usb_cdc\usbd_cdc_interface.c: 4 warnings, 0 errors
compiling usbd_core.c...
compiling usbd_conf.c...
compiling usbd_ctlreq.c...
compiling usbd_desc.c...
compiling usbd_ioreq.c...
linking...
Program Size: Code=43488 RO-data=3108 RW-data=660 ZI-data=103132  
".\Objects\Openrobot.axf" - 0 Error(s), 5 Warning(s).

<h2>Software Packages used:</h2>

Package Vendor: Keil
                http://www.keil.com/pack/Keil.STM32F7xx_DFP.2.11.0.pack
                Keil.STM32F7xx_DFP.2.11.0
                STMicroelectronics STM32F7 Series Device Support, Drivers and Examples

<h2>Collection of Component include folders:</h2>
  .\RTE\_openRobot
  D:\Keil_v5\ARM\PACK\Keil\STM32F7xx_DFP\2.11.0\Drivers\CMSIS\Device\ST\STM32F7xx\Include

<h2>Collection of Component Files used:</h2>
Build Time Elapsed:  00:01:41
</pre>
</body>
</html>
