Component: ARM Compiler 5.06 update 6 (build 750) Tool: armlink [4d35ed]

==============================================================================

Section Cross References

    main.o(i.Encoder_Counter_1) refers to cmotor.o(i.Count_and_Direction) for Count_and_Direction
    main.o(i.Encoder_Counter_1) refers to main.o(.bss) for motor
    main.o(i.Encoder_Counter_2) refers to cmotor.o(i.Count_and_Direction) for Count_and_Direction
    main.o(i.Encoder_Counter_2) refers to main.o(.bss) for motor
    main.o(i.Encoder_Counter_3) refers to cmotor.o(i.Count_and_Direction) for Count_and_Direction
    main.o(i.Encoder_Counter_3) refers to main.o(.bss) for motor
    main.o(i._Z11system_Initv) refers to sys.o(i.Cache_Enable) for Cache_Enable
    main.o(i._Z11system_Initv) refers to stm32f7xx_hal.o(i.HAL_Init) for HAL_Init
    main.o(i._Z11system_Initv) refers to sys.o(i.Stm32_Clock_Init) for Stm32_Clock_Init
    main.o(i._Z11system_Initv) refers to delay.o(i.delay_init) for delay_init
    main.o(i._Z12KalmanFilterd) refers to dadd.o(.text) for __aeabi_dadd
    main.o(i._Z12KalmanFilterd) refers to ddiv.o(.text) for __aeabi_ddiv
    main.o(i._Z12KalmanFilterd) refers to dmul.o(.text) for __aeabi_dmul
    main.o(i._Z12KalmanFilterd) refers to main.o(.data) for MeasureNoise_R
    main.o(i._Z12timer_Handlev) refers to cmotor.o(i._Z18velocity_calculateP5Wheel) for velocity_calculate(Wheel*)
    main.o(i._Z12timer_Handlev) refers to f2d.o(.text) for __aeabi_f2d
    main.o(i._Z12timer_Handlev) refers to cmotor.o(i._ZN6CMotor8setSpeedEddd) for CMotor::setSpeed(double, double, double)
    main.o(i._Z12timer_Handlev) refers to cmotor.o(i._ZN6CMotor13FeedbackSpeedEddd) for CMotor::FeedbackSpeed(double, double, double)
    main.o(i._Z12timer_Handlev) refers to cmotor.o(i._ZN6CMotor10controllerEv) for CMotor::controller()
    main.o(i._Z12timer_Handlev) refers to main.o(.bss) for motor
    main.o(i._Z13publishImuMsgv) refers to main.o(t._ZN3ros11NodeHandle_I15ArduinoHardwareLi25ELi25ELi1024ELi1024EE3nowEv) for ros::NodeHandle_<ArduinoHardware, (int)25, (int)25, (int)1024, (int)1024>::now()
    main.o(i._Z13publishImuMsgv) refers to fflti.o(.text) for __aeabi_i2f
    main.o(i._Z13publishImuMsgv) refers to main.o(i._ZN3ros9Publisher7publishEPKNS_3MsgE) for ros::Publisher::publish(const ros::Msg*)
    main.o(i._Z13publishImuMsgv) refers to main.o(i._ZN2tf20TransformBroadcaster13sendTransformERN13geometry_msgs16TransformStampedE) for tf::TransformBroadcaster::sendTransform(geometry_msgs::TransformStamped&)
    main.o(i._Z13publishImuMsgv) refers to main.o(.bss) for nh
    main.o(i._Z14updateGyroCaliv) refers to printfa.o(i.__0sprintf) for __2sprintf
    main.o(i._Z14updateGyroCaliv) refers to main.o(t._ZN3ros11NodeHandle_I15ArduinoHardwareLi25ELi25ELi1024ELi1024EE7loginfoEPKc) for ros::NodeHandle_<ArduinoHardware, (int)25, (int)25, (int)1024, (int)1024>::loginfo(const char*)
    main.o(i._Z14updateGyroCaliv) refers to mpu9250.o(i._ZN8cMPU925015gyro_cali_startEv) for cMPU9250::gyro_cali_start()
    main.o(i._Z14updateGyroCaliv) refers to stm32f7xx_hal.o(i.HAL_GetTick) for HAL_GetTick
    main.o(i._Z14updateGyroCaliv) refers to imu.o(i._ZN4cIMU6updateEj) for cIMU::update(unsigned)
    main.o(i._Z14updateGyroCaliv) refers to mpu9250.o(i._ZN8cMPU925018gyro_cali_get_doneEv) for cMPU9250::gyro_cali_get_done()
    main.o(i._Z14updateGyroCaliv) refers to main.o(.bss) for nh
    main.o(i._Z14updateGyroCaliv) refers to main.o(.data) for updateGyroCali()::gyro_cali
    main.o(i._Z14updateOdometryd) refers to dflti.o(.text) for __aeabi_i2d
    main.o(i._Z14updateOdometryd) refers to dmul.o(.text) for __aeabi_dmul
    main.o(i._Z14updateOdometryd) refers to d2f.o(.text) for __aeabi_d2f
    main.o(i._Z14updateOdometryd) refers to fadd.o(.text) for __aeabi_fsub
    main.o(i._Z14updateOdometryd) refers to f2d.o(.text) for __aeabi_f2d
    main.o(i._Z14updateOdometryd) refers to ddiv.o(.text) for __aeabi_ddiv
    main.o(i._Z14updateOdometryd) refers to fmul.o(.text) for __aeabi_fmul
    main.o(i._Z14updateOdometryd) refers to atan2f.o(i.atan2f) for atan2f
    main.o(i._Z14updateOdometryd) refers to dadd.o(.text) for __aeabi_dsub
    main.o(i._Z14updateOdometryd) refers to sin.o(i.sin) for sin
    main.o(i._Z14updateOdometryd) refers to cos.o(i.cos) for cos
    main.o(i._Z14updateOdometryd) refers to main.o(i._ZN27_INTERNAL_8_main_cpp_ttt_mp2tf23createQuaternionFromYawEd) for [local to main_cpp]::tf::createQuaternionFromYaw(double)
    main.o(i._Z14updateOdometryd) refers to main.o(.bss) for diff_wheel_encoder
    main.o(i._Z14updateOdometryd) refers to main.o(.data) for last_theta
    main.o(i._Z16InitPoseCallbackRKN13geometry_msgs25PoseWithCovarianceStampedE) refers to f2d.o(.text) for __aeabi_f2d
    main.o(i._Z16InitPoseCallbackRKN13geometry_msgs25PoseWithCovarianceStampedE) refers to fmul.o(.text) for __aeabi_fmul
    main.o(i._Z16InitPoseCallbackRKN13geometry_msgs25PoseWithCovarianceStampedE) refers to fadd.o(.text) for __aeabi_frsub
[...]
    CSonar::update()                         0x08008381   Thumb Code   166  csonar.o(i._ZN6CSonar6updateEv)
    CSonar::upload()                         0x0800842d   Thumb Code   252  csonar.o(i._ZN6CSonar6uploadEv)
    CSonar::CSonar()                         0x08008531   Thumb Code   210  csonar.o(i._ZN6CSonarC1Ev)
    CSonar::CSonar__sub_object()             0x08008531   Thumb Code     0  csonar.o(i._ZN6CSonarC1Ev)
    CSonar::~CSonar()                        0x08008609   Thumb Code     2  csonar.o(i._ZN6CSonarD1Ev)
    CSonar::~CSonar__sub_object()            0x08008609   Thumb Code     0  csonar.o(i._ZN6CSonarD1Ev)
    CKalman::setMeasureNoise_R(double)       0x0800860b   Thumb Code     6  main.o(i._ZN7CKalman17setMeasureNoise_REd)
    CKalman::CKalman()                       0x08008611   Thumb Code    28  ckalman.o(i._ZN7CKalmanC1Ev)
    CKalman::CKalman__sub_object()           0x08008611   Thumb Code     0  ckalman.o(i._ZN7CKalmanC1Ev)
    CKalman::~CKalman()                      0x0800863d   Thumb Code     2  ckalman.o(i._ZN7CKalmanD1Ev)
    CKalman::~CKalman__sub_object()          0x0800863d   Thumb Code     0  ckalman.o(i._ZN7CKalmanD1Ev)
    Madgwick::computeAngles()                0x0800863f   Thumb Code   206  madgwickahrs.o(i._ZN8Madgwick13computeAnglesEv)
    Madgwick::invSqrt(float)                 0x0800870d   Thumb Code   108  madgwickahrs.o(i._ZN8Madgwick7invSqrtEf)
    Madgwick::updateIMU(float, float, float, float, float, float) 0x0800877d   Thumb Code  1644  madgwickahrs.o(i._ZN8Madgwick9updateIMUEffffff)
    Madgwick::Madgwick()                     0x08008de9   Thumb Code    30  madgwickahrs.o(i._ZN8MadgwickC1Ev)
    Madgwick::Madgwick__sub_object()         0x08008de9   Thumb Code     0  madgwickahrs.o(i._ZN8MadgwickC1Ev)
    SPIClass::setBitOrder(unsigned char)     0x08008e0d   Thumb Code    32  spi.o(i._ZN8SPIClass11setBitOrderEh)
    SPIClass::setDataMode(unsigned char)     0x08008e2d   Thumb Code   104  spi.o(i._ZN8SPIClass11setDataModeEh)
    SPIClass::setClockDivider(unsigned char) 0x08008e95   Thumb Code    96  spi.o(i._ZN8SPIClass15setClockDividerEh)
    SPIClass::init()                         0x08008ef5   Thumb Code    84  spi.o(i._ZN8SPIClass4initEv)
    SPIClass::begin()                        0x08008f49   Thumb Code    12  spi.o(i._ZN8SPIClass5beginEv)
    SPIClass::SPIClass(SPI_TypeDef*)         0x08008f55   Thumb Code    24  spi.o(i._ZN8SPIClassC1EP11SPI_TypeDef)
    SPIClass::SPIClass__sub_object(SPI_TypeDef*) 0x08008f55   Thumb Code     0  spi.o(i._ZN8SPIClassC1EP11SPI_TypeDef)
    cMPU9250::acc_common()                   0x08008f7d   Thumb Code   132  mpu9250.o(i._ZN8cMPU925010acc_commonEv)
    cMPU9250::mag_common()                   0x08009005   Thumb Code    14  mpu9250.o(i._ZN8cMPU925010mag_commonEv)
    cMPU9250::acc_get_adc()                  0x08009013   Thumb Code    96  mpu9250.o(i._ZN8cMPU925011acc_get_adcEv)
    cMPU9250::gyro_common()                  0x08009075   Thumb Code   144  mpu9250.o(i._ZN8cMPU925011gyro_commonEv)
    cMPU9250::mag_get_adc()                  0x08009109   Thumb Code   168  mpu9250.o(i._ZN8cMPU925011mag_get_adcEv)
    cMPU9250::gyro_get_adc()                 0x080091b1   Thumb Code    96  mpu9250.o(i._ZN8cMPU925012gyro_get_adcEv)
    cMPU9250::gyro_cali_get_done()           0x08009211   Thumb Code    16  mpu9250.o(i._ZN8cMPU925018gyro_cali_get_doneEv)
    cMPU9250::init()                         0x08009221   Thumb Code   492  mpu9250.o(i._ZN8cMPU92504initEv)
    cMPU9250::begin()                        0x0800940d   Thumb Code   108  mpu9250.o(i._ZN8cMPU92505beginEv)
    cMPU9250::acc_init()                     0x0800947d   Thumb Code    38  mpu9250.o(i._ZN8cMPU92508acc_initEv)
    cMPU9250::mag_init()                     0x080094a3   Thumb Code    38  mpu9250.o(i._ZN8cMPU92508mag_initEv)
    cMPU9250::gyro_init()                    0x080094c9   Thumb Code    44  mpu9250.o(i._ZN8cMPU92509gyro_initEv)
    cMPU9250::cMPU9250()                     0x080094f5   Thumb Code    18  mpu9250.o(i._ZN8cMPU9250C1Ev)
    cMPU9250::cMPU9250__sub_object()         0x080094f5   Thumb Code     0  mpu9250.o(i._ZN8cMPU9250C1Ev)
    nav_msgs::Odometry::Odometry()           0x08009509   Thumb Code    82  main.o(i._ZN8nav_msgs8OdometryC1Ev)
    nav_msgs::Odometry::Odometry__sub_object() 0x08009509   Thumb Code     0  main.o(i._ZN8nav_msgs8OdometryC1Ev)
    std_msgs::Header::Header()               0x08009569   Thumb Code    40  main.o(i._ZN8std_msgs6HeaderC1Ev)
    std_msgs::Header::Header__sub_object()   0x08009569   Thumb Code     0  main.o(i._ZN8std_msgs6HeaderC1Ev)
    UARTClass::begin(unsigned)               0x08009599   Thumb Code    18  uartclass.o(i._ZN9UARTClass5beginEj)
    UARTClass::begin(unsigned, UARTClass::UARTModes) 0x080095ab   Thumb Code    40  uartclass.o(i._ZN9UARTClass5beginEjNS_9UARTModesE)
    UARTClass::write(const unsigned char*, unsigned) 0x080095d3   Thumb Code    42  uartclass.o(i._ZN9UARTClass5writeEPKhj)
    UARTClass::write(unsigned char)          0x080095fd   Thumb Code    26  uartclass.o(i._ZN9UARTClass5writeEh)
    UARTClass::RxHandler()                   0x08009617   Thumb Code    76  uartclass.o(i._ZN9UARTClass9RxHandlerEv)
    UARTClass::available()                   0x08009663   Thumb Code    36  uartclass.o(i._ZN9UARTClass9availableEv)
    UARTClass::UARTClass(unsigned char, unsigned char) 0x08009689   Thumb Code    92  uartclass.o(i._ZN9UARTClassC1Ehh)
    UARTClass::UARTClass__sub_object(unsigned char, unsigned char) 0x08009689   Thumb Code     0  uartclass.o(i._ZN9UARTClassC1Ehh)
    USBSerial::USBSerial()                   0x080096f1   Thumb Code    42  usbserial.o(i._ZN9USBSerialC1Ev)
    USBSerial::USBSerial__sub_object()       0x080096f1   Thumb Code     0  usbserial.o(i._ZN9USBSerialC1Ev)
    SPIClass::transfer(unsigned char) const  0x08009729   Thumb Code    32  spi.o(i._ZNK8SPIClass8transferEh)
    __ARM_fpclassifyf                        0x08009749   Thumb Code    38  fpclassifyf.o(i.__ARM_fpclassifyf)
    __cxa_guard_acquire                      0x0800976f   Thumb Code    16  cxa_guard_acquire.o(i.__cxa_guard_acquire)
    free                                     0x08009781   Thumb Code    88  mallocr.o(i.__free$realloc)
    malloc                                   0x080097dd   Thumb Code    64  mallocr.o(i.__malloc$realloc)
    __mathlib_flt_infnan                     0x0800982d   Thumb Code     6  funder.o(i.__mathlib_flt_infnan)
    __mathlib_flt_infnan2                    0x08009833   Thumb Code     4  funder.o(i.__mathlib_flt_infnan2)
    __mathlib_flt_invalid                    0x08009837   Thumb Code     8  funder.o(i.__mathlib_flt_invalid)
    __mathlib_flt_underflow                  0x0800983f   Thumb Code    10  funder.o(i.__mathlib_flt_underflow)
    __scatterload_copy                       0x08009849   Thumb Code    14  handlers.o(i.__scatterload_copy)
    __scatterload_null                       0x08009857   Thumb Code     2  handlers.o(i.__scatterload_null)
    __scatterload_zeroinit                   0x08009859   Thumb Code    14  handlers.o(i.__scatterload_zeroinit)
    __set_errno                              0x08009869   Thumb Code     6  errno.o(i.__set_errno)
    asinf                                    0x08009a89   Thumb Code   254  asinf.o(i.asinf)
    atan2f                                   0x08009bad   Thumb Code   528  atan2f.o(i.atan2f)
    attachInterrupt                          0x08009e09   Thumb Code    20  drv_exti.o(i.attachInterrupt)
    bsp_init                                 0x08009e1d   Thumb Code   342  bsp.o(i.bsp_init)
    bsp_mpu_config                           0x08009f91   Thumb Code    76  bsp.o(i.bsp_mpu_config)
    delay_init                               0x08009fe1   Thumb Code    16  delay.o(i.delay_init)
    delay_ms                                 0x08009ff5   Thumb Code    24  delay.o(i.delay_ms)
    delay_us                                 0x0800a00d   Thumb Code    68  delay.o(i.delay_us)
    digitalRead                              0x0800a055   Thumb Code    40  drv_pin.o(i.digitalRead)
    digitalWrite                             0x0800a081   Thumb Code    78  drv_pin.o(i.digitalWrite)
    drv_Led_Init                             0x0800a0d5   Thumb Code   112  drv_led.o(i.drv_Led_Init)
    drv_exti_init                            0x0800a14d   Thumb Code   110  drv_exti.o(i.drv_exti_init)
    drv_micros_init                          0x0800a1c5   Thumb Code    82  drv_micros.o(i.drv_micros_init)
    drv_spi_init                             0x0800a22d   Thumb Code   170  drv_spi.o(i.drv_spi_init)
    drv_uart_available                       0x0800a2ed   Thumb Code    48  drv_uart.o(i.drv_uart_available)
    drv_uart_begin                           0x0800a329   Thumb Code   188  drv_uart.o(i.drv_uart_begin)
    drv_uart_err_handler                     0x0800a3fd   Thumb Code    18  drv_uart.o(i.drv_uart_err_handler)
    drv_uart_get_mode                        0x0800a415   Thumb Code     8  drv_uart.o(i.drv_uart_get_mode)
    drv_uart_init                            0x0800a421   Thumb Code    34  drv_uart.o(i.drv_uart_init)
    drv_uart_read_buf                        0x0800a451   Thumb Code    38  drv_uart.o(i.drv_uart_read_buf)
    drv_uart_start_rx                        0x0800a481   Thumb Code    60  drv_uart.o(i.drv_uart_start_rx)
    drv_uart_write                           0x0800a4c9   Thumb Code    40  drv_uart.o(i.drv_uart_write)
    imu_spi_ak8963_reads                     0x0800a4f5   Thumb Code   176  imu_spi.o(i.imu_spi_ak8963_reads)
    imu_spi_ak8963_write                     0x0800a5a5   Thumb Code    24  imu_spi.o(i.imu_spi_ak8963_write)
    imu_spi_ak8963_writes                    0x0800a5bd   Thumb Code   188  imu_spi.o(i.imu_spi_ak8963_writes)
    imu_spi_read                             0x0800a679   Thumb Code    54  imu_spi.o(i.imu_spi_read)
    imu_spi_reads                            0x0800a6b5   Thumb Code    64  imu_spi.o(i.imu_spi_reads)
    imu_spi_write                            0x0800a6f9   Thumb Code    44  imu_spi.o(i.imu_spi_write)
    imu_spi_writes                           0x0800a729   Thumb Code    66  imu_spi.o(i.imu_spi_writes)
    main                                     0x0800a7c1   Thumb Code   148  main.o(i.main)
    micros                                   0x0800a87d   Thumb Code     8  drv_micros.o(i.micros)
    osSystickHandler                         0x0800a889   Thumb Code     2  stm32f7xx_it.o(i.osSystickHandler)
    pinMode                                  0x0800a88d   Thumb Code   118  drv_pin.o(i.pinMode)
    sonar1_handle                            0x0800a909   Thumb Code    18  csonar.o(i.sonar1_handle)
    sonar2_handle                            0x0800a925   Thumb Code    10  csonar.o(i.sonar2_handle)
    sonar3_handle                            0x0800a935   Thumb Code    10  csonar.o(i.sonar3_handle)
    sonar4_handle                            0x0800a945   Thumb Code    10  csonar.o(i.sonar4_handle)
    sonar5_handle                            0x0800a955   Thumb Code    10  csonar.o(i.sonar5_handle)
    sonar6_handle                            0x0800a965   Thumb Code    10  csonar.o(i.sonar6_handle)
    sonar7_handle                            0x0800a975   Thumb Code    10  csonar.o(i.sonar7_handle)
    sonar8_handle                            0x0800a985   Thumb Code    10  csonar.o(i.sonar8_handle)
    sonar_handle                             0x0800a995   Thumb Code    62  csonar.o(i.sonar_handle)
    sqrt                                     0x0800a9d3   Thumb Code    76  sqrt.o(i.sqrt)
    sqrtf                                    0x0800aa1f   Thumb Code    44  sqrtf.o(i.sqrtf)
    wdg_setup                                0x0800aa4d   Thumb Code    38  wdg.o(i.wdg_setup)
    wdg_start                                0x0800aa7d   Thumb Code     4  wdg.o(i.wdg_start)
    ros::Subscriber<geometry_msgs::PoseWithCovarianceStamped, void>::Subscriber(const char*, void(*)(const geometry_msgs::PoseWithCovarianceStamped&), int) 0x0800aa81   Thumb Code    82  main.o(t._ZN3ros10SubscriberIN13geometry_msgs25PoseWithCovarianceStampedEvEC1EPKcPFvRKS2_Ei)
    ros::Subscriber<geometry_msgs::PoseWithCovarianceStamped, void>::Subscriber__sub_object(const char*, void(*)(const geometry_msgs::PoseWithCovarianceStamped&), int) 0x0800aa81   Thumb Code     0  main.o(t._ZN3ros10SubscriberIN13geometry_msgs25PoseWithCovarianceStampedEvEC1EPKcPFvRKS2_Ei)
    ros::NodeHandle_<ArduinoHardware, (int)25, (int)25, (int)1024, (int)1024>::NodeHandle_() 0x0800aadd   Thumb Code   188  main.o(t._ZN3ros11NodeHandle_I15ArduinoHardwareLi25ELi25ELi1024ELi1024EEC1Ev)
    ros::NodeHandle_<ArduinoHardware, (int)25, (int)25, (int)1024, (int)1024>::NodeHandle___sub_object() 0x0800aadd   Thumb Code     0  main.o(t._ZN3ros11NodeHandle_I15ArduinoHardwareLi25ELi25ELi1024ELi1024EEC1Ev)
    AHBPrescTable                            0x0800aba8   Data          16  system_stm32f7xx.o(.constdata)
    APBPrescTable                            0x0800abb8   Data           8  system_stm32f7xx.o(.constdata)
    g_Pin2PortMapArray                       0x0800abc0   Data        1356  drv_pin.o(.constdata)
    vtable for Print                         0x0800b324   Data          12  usbserial.o(.constdata__ZTV5Print)
    vtable for Stream                        0x0800b330   Data          28  usbserial.o(.constdata__ZTV6Stream)
    vtable for UARTClass                     0x0800b34c   Data          44  uartclass.o(.constdata__ZTV9UARTClass)
    vtable for USBSerial                     0x0800b378   Data          32  usbserial.o(.constdata__ZTV9USBSerial)
    vtable for sensor_msgs::Imu              0x0800b398   Data          24  main.o(.constdata__ZTVN11sensor_msgs3ImuE)
    vtable for geometry_msgs::Quaternion     0x0800b3b0   Data          24  main.o(.constdata__ZTVN13geometry_msgs10QuaternionE)
    vtable for geometry_msgs::TransformStamped 0x0800b3c8   Data          24  main.o(.constdata__ZTVN13geometry_msgs16TransformStampedE)
    vtable for geometry_msgs::PoseWithCovariance 0x0800b3e0   Data          24  main.o(.constdata__ZTVN13geometry_msgs18PoseWithCovarianceE)
    vtable for geometry_msgs::TwistWithCovariance 0x0800b3f8   Data          24  main.o(.constdata__ZTVN13geometry_msgs19TwistWithCovarianceE)
    vtable for geometry_msgs::PoseWithCovarianceStamped 0x0800b410   Data          24  main.o(.constdata__ZTVN13geometry_msgs25PoseWithCovarianceStampedE)
    vtable for geometry_msgs::Pose           0x0800b428   Data          24  main.o(.constdata__ZTVN13geometry_msgs4PoseE)
    vtable for geometry_msgs::Point          0x0800b440   Data          24  main.o(.constdata__ZTVN13geometry_msgs5PointE)
    vtable for geometry_msgs::Twist          0x0800b458   Data          24  main.o(.constdata__ZTVN13geometry_msgs5TwistE)
    vtable for geometry_msgs::Vector3        0x0800b470   Data          24  main.o(.constdata__ZTVN13geometry_msgs7Vector3E)
    vtable for geometry_msgs::Transform      0x0800b488   Data          24  main.o(.constdata__ZTVN13geometry_msgs9TransformE)
    vtable for rosserial_msgs::RequestParamResponse 0x0800b4a0   Data          24  main.o(.constdata__ZTVN14rosserial_msgs20RequestParamResponseE)
    vtable for turtlebot3_msgs::SensorState  0x0800b4b8   Data          24  main.o(.constdata__ZTVN15turtlebot3_msgs11SensorStateE)
    vtable for tf::tfMessage                 0x0800b4d0   Data          24  main.o(.constdata__ZTVN2tf9tfMessageE)
    vtable for ros::Subscriber<geometry_msgs::PoseWithCovarianceStamped, void> 0x0800b4e8   Data          24  main.o(.constdata__ZTVN3ros10SubscriberIN13geometry_msgs25PoseWithCovarianceStampedEvEE)
    vtable for ros::Subscriber<geometry_msgs::Twist, void> 0x0800b500   Data          24  main.o(.constdata__ZTVN3ros10SubscriberIN13geometry_msgs5TwistEvEE)
    vtable for ros::NodeHandle_<ArduinoHardware, (int)25, (int)25, (int)1024, (int)1024> 0x0800b518   Data          20  main.o(.constdata__ZTVN3ros11NodeHandle_I15ArduinoHardwareLi25ELi25ELi1024ELi1024EEE)
    vtable for ros::Subscriber_              0x0800b52c   Data          24  main.o(.constdata__ZTVN3ros11Subscriber_E)
    vtable for ros::NodeHandleBase_          0x0800b544   Data          20  main.o(.constdata__ZTVN3ros15NodeHandleBase_E)
    vtable for ros::Msg                      0x0800b558   Data          24  main.o(.constdata__ZTVN3ros3MsgE)
    vtable for nav_msgs::Odometry            0x0800b570   Data          24  main.o(.constdata__ZTVN8nav_msgs8OdometryE)
    vtable for std_msgs::Header              0x0800b588   Data          24  main.o(.constdata__ZTVN8std_msgs6HeaderE)
    geometry_msgs::TransformStamped::TransformStamped()::string 0x0800b5a0   Data           1  main.o(.constdata__ZZN13geometry_msgs16TransformStampedC1EvEs)
    tf::TransformBroadcaster::TransformBroadcaster()::string 0x0800b5a1   Data           4  main.o(.constdata__ZZN2tf20TransformBroadcasterC1EvEs)
    nav_msgs::Odometry::Odometry()::string   0x0800b5a5   Data           1  main.o(.constdata__ZZN8nav_msgs8OdometryC1EvEs)
    std_msgs::Header::Header()::string       0x0800b5a6   Data           1  main.o(.constdata__ZZN8std_msgs6HeaderC1EvEs)
    Region$$Table$$Base                      0x0800b5b8   Number         0  anon$$obj.o(Region$$Table)
    Region$$Table$$Limit                     0x0800b5f8   Number         0  anon$$obj.o(Region$$Table)
    SHT$$INIT_ARRAY$$Base                    0x0800b5f8   Number         0  main.o(.init_array)
    SHT$$INIT_ARRAY$$Limit                   0x0800b604   Number         0  cpp_init.o(.init_array)
    huart_inst                               0x20000004   Data          16  drv_uart.o(.data)
    JUMP_BOOT_STR                            0x20000014   Data           4  usbd_cdc_interface.o(.data)
    LineCoding                               0x20000018   Data           8  usbd_cdc_interface.o(.data)
    CDC_Reset_Status                         0x20000020   Data           1  usbd_cdc_interface.o(.data)
    CDC_Reset_Status_Baud                    0x20000021   Data           1  usbd_cdc_interface.o(.data)
    BuffLength                               0x20000024   Data           4  usbd_cdc_interface.o(.data)
    USBD_CDC_fops                            0x20000044   Data          16  usbd_cdc_interface.o(.data)
    usb_cdc_bitrate                          0x20000054   Data           4  usbd_cdc_interface.o(.data)
    __microlib_freelist_initialised          0x20000058   Data           4  mvars.o(.data)
    USBD_Device                              0x20000060   Data         548  bsp.o(.bss)
    TimHandle                                0x20000284   Data          60  drv_micros.o(.bss)
    hDrvTim                                  0x200002c0   Data         440  drv_timer.o(.bss)
    exti_data                                0x20000488   Data         192  drv_exti.o(.bss)
    SPI                                      0x20000548   Data          52  spi.o(.bss)
    SPI_IMU                                  0x2000057c   Data          52  spi.o(.bss)
    USBD_StrDesc                             0x200005b0   Data         256  usbd_desc.o(.bss)
    __heap_base                              0x200006b0   Data           0  startup_stm32f746xx.o(HEAP)
    __heap_limit                             0x20004ab0   Data           0  startup_stm32f746xx.o(HEAP)
    ttt_mp                                   0x20010000   Data           4  main.o(.data)
    goal_linear_x_velocity                   0x20010008   Data           8  main.o(.data)
    goal_linear_y_velocity                   0x20010010   Data           8  main.o(.data)
    goal_angular_velocity                    0x20010018   Data           8  main.o(.data)
    odometry_x                               0x20010020   Data           8  main.o(.data)
    odometry_y                               0x20010028   Data           8  main.o(.data)
    odometry_th                              0x20010030   Data           8  main.o(.data)
    init_encoder_                            0x20010040   Data           2  main.o(.data)
    last_diff_tick_                          0x20010044   Data           8  main.o(.data)
    last_tick_                               0x2001004c   Data           8  main.o(.data)
    watch_dog                                0x20010058   Data           4  main.o(.data)
    last_time                                0x2001005c   Data           4  main.o(.data)
    stateLed_Hz                              0x20010060   Data           4  main.o(.data)
    ProcessNiose_Q                           0x20010068   Data           8  main.o(.data)
    MeasureNoise_R                           0x20010070   Data           8  main.o(.data)
    SystemCoreClock                          0x200100a8   Data           4  system_stm32f7xx.o(.data)
    uwTick                                   0x200100b0   Data           4  stm32f7xx_hal.o(.data)
    USBD_CDC                                 0x200100d4   Data          56  usbd_cdc.o(.data)
    USBD_CDC_CfgHSDesc                       0x2001010c   Data          67  usbd_cdc.o(.data)
    USBD_CDC_CfgFSDesc                       0x20010150   Data          67  usbd_cdc.o(.data)
    USBD_CDC_OtherSpeedCfgDesc               0x20010194   Data          67  usbd_cdc.o(.data)
    VCP_Desc                                 0x200101dc   Data          28  usbd_desc.o(.data)
    USBD_DeviceDesc                          0x200101f8   Data          18  usbd_desc.o(.data)
    USBD_LangIDDesc                          0x2001020c   Data           4  usbd_desc.o(.data)
    USBD_StringSerial                        0x20010210   Data          26  usbd_desc.o(.data)
    __microlib_freelist                      0x2001022c   Data           4  mvars.o(.data)
    nh                                       0x20010238   Data        2352  main.o(.bss)
    cmd_vel_sub                              0x20010b68   Data          56  main.o(.bss)
    init_pose_sub                            0x20010ba0   Data         232  main.o(.bss)
    sensor_state_msg                         0x20010c88   Data          28  main.o(.bss)
    sensor_state_pub                         0x20010ca4   Data          20  main.o(.bss)
    imu_msg                                  0x20010cb8   Data         184  main.o(.bss)
    imu_pub                                  0x20010d70   Data          20  main.o(.bss)
    odom                                     0x20010d84   Data         400  main.o(.bss)
    odom_pub                                 0x20010f14   Data          20  main.o(.bss)
    tfs_msg                                  0x20010f28   Data          68  main.o(.bss)
    odom_tf                                  0x20010f6c   Data          68  main.o(.bss)
    tfbroadcaster                            0x20010fb0   Data         100  main.o(.bss)
    imu                                      0x20011014   Data         252  main.o(.bss)
    kalman                                   0x20011110   Data          40  main.o(.bss)
    motor                                    0x20011138   Data         400  main.o(.bss)
    speed_motor                              0x200112c8   Data          12  main.o(.bss)
    last_rad_                                0x200112f0   Data          16  main.o(.bss)
    last_velocity_                           0x20011300   Data          16  main.o(.bss)
    sonar                                    0x20011310   Data         264  main.o(.bss)
    ex_log_msg                               0x20011418   Data         256  main.o(.bss)
    Serial                                   0x20011518   Data          36  main.o(.bss)
    ros_serial                               0x2001153c   Data         100  main.o(.bss)
    imu_info                                 0x200115a0   Data          28  main.o(.bss)
    odom_info                                0x200115bc   Data          24  main.o(.bss)
    ros_readbuffer                           0x200115d4   Data         256  main.o(.bss)
    hspi1                                    0x20011798   Data         100  drv_spi.o(.bss)
    hspi2                                    0x200117fc   Data         100  drv_spi.o(.bss)
    spi_dma                                  0x200118c0   Data          32  drv_spi.o(.bss)
    huart                                    0x20012900   Data         448  drv_uart.o(.bss)
    hdma_rx                                  0x20012ac0   Data         384  drv_uart.o(.bss)
    Serial1                                  0x20012c40   Data         288  drv_uart.o(.bss)
    Serial2                                  0x20012d60   Data         288  drv_uart.o(.bss)
    UserRxBuffer                             0x20012ebc   Data        2048  usbd_cdc_interface.o(.bss)
    UserTxBuffer                             0x200136bc   Data        2048  usbd_cdc_interface.o(.bss)
    UserTxBufferForUSB                       0x20013ebc   Data        2048  usbd_cdc_interface.o(.bss)
    usb_cdc_debug_cnt                        0x200186bc   Data          64  usbd_cdc_interface.o(.bss)
    hpcd                                     0x200186fc   Data         960  usbd_conf.o(.bss)
    __initial_sp                             0x20024ac0   Data           0  startup_stm32f746xx.o(STACK)



==============================================================================

Memory Map of the image

  Image Entry point : 0x080001c9

  Load Region LR_IROM1 (Base: 0x08000000, Size: 0x0000b898, Max: 0x00100000, ABSOLUTE, COMPRESSED[0x0000b730])

    Execution Region ER_IROM1 (Exec base: 0x08000000, Load base: 0x08000000, Size: 0x0000b604, Max: 0x00100000, ABSOLUTE)

    Exec Addr    Load Addr    Size         Type   Attr      Idx    E Section Name        Object

    0x08000000   0x08000000   0x000001c8   Data   RO         2033    RESET               startup_stm32f746xx.o
    0x080001c8   0x080001c8   0x00000000   Code   RO        10524  * .ARM.Collect$$$$00000000  mc_w.l(entry.o)
    0x080001c8   0x080001c8   0x00000004   Code   RO        10983    .ARM.Collect$$$$00000001  mc_w.l(entry2.o)
    0x080001cc   0x080001cc   0x00000004   Code   RO        10986    .ARM.Collect$$$$00000004  mc_w.l(entry5.o)
    0x080001d0   0x080001d0   0x00000000   Code   RO        10988    .ARM.Collect$$$$00000008  mc_w.l(entry7b.o)
    0x080001d0   0x080001d0   0x00000004   Code   RO        10989    .ARM.Collect$$$$00000009  mc_w.l(entry8a.o)
    0x080001d4   0x080001d4   0x00000000   Code   RO        10990    .ARM.Collect$$$$0000000A  mc_w.l(entry8b.o)
    0x080001d4   0x080001d4   0x00000008   Code   RO        10991    .ARM.Collect$$$$0000000B  mc_w.l(entry9a.o)
    0x080001dc   0x080001dc   0x00000000   Code   RO        10993    .ARM.Collect$$$$0000000D  mc_w.l(entry10a.o)
    0x080001dc   0x080001dc   0x00000004   Code   RO        10994    .ARM.Collect$$$$0000000E  mc_w.l(entry10b.o)
    0x080001e0   0x080001e0   0x00000000   Code   RO        10995    .ARM.Collect$$$$0000000F  mc_w.l(entry11a.o)
    0x080001e0   0x080001e0   0x00000004   Code   RO        10984    .ARM.Collect$$$$00002712  mc_w.l(entry2.o)
    0x080001e4   0x080001e4   0x00000024   Code   RO         2034    .text               startup_stm32f746xx.o
    0x08000208   0x08000208   0x00000062   Code   RO        10527    .text               mc_w.l(uldiv.o)
    0x0800026a   0x0800026a   0x00000040   Code   RO        10566    .text               mc_w.l(memmovea.o)
    0x080002aa   0x080002aa   0x00000024   Code   RO        10568    .text               mc_w.l(memseta.o)
    0x080002ce   0x080002ce   0x00000002   PAD
    0x080002d0   0x080002d0   0x00000020   Code   RO        10884    .text               mc_w.l(cpp_init.o)
    0x080002f0   0x080002f0   0x0000002e   Code   RO        10886    .text               mc_w.l(aeabi_atexit.o)
    0x0800031e   0x0800031e   0x000000b0   Code   RO        10888    .text               mf_w.l(fadd.o)
    0x080003ce   0x080003ce   0x00000064   Code   RO        10890    .text               mf_w.l(fmul.o)
    0x08000432   0x08000432   0x0000007c   Code   RO        10892    .text               mf_w.l(fdiv.o)
    0x080004ae   0x080004ae   0x0000014e   Code   RO        10894    .text               mf_w.l(dadd.o)
    0x080005fc   0x080005fc   0x000000e4   Code   RO        10896    .text               mf_w.l(dmul.o)
    0x080006e0   0x080006e0   0x000000de   Code   RO        10898    .text               mf_w.l(ddiv.o)
    0x080007be   0x080007be   0x00000012   Code   RO        10900    .text               mf_w.l(fflti.o)
    0x080007d0   0x080007d0   0x0000000a   Code   RO        10902    .text               mf_w.l(ffltui.o)
    0x080007da   0x080007da   0x0000001c   Code   RO        10904    .text               mf_w.l(ffltul.o)
    0x080007f6   0x080007f6   0x00000022   Code   RO        10906    .text               mf_w.l(dflti.o)
    0x08000818   0x08000818   0x00000032   Code   RO        10910    .text               mf_w.l(ffixi.o)
    0x0800084a   0x0800084a   0x0000003e   Code   RO        10912    .text               mf_w.l(dfixi.o)
    0x08000888   0x08000888   0x00000026   Code   RO        10916    .text               mf_w.l(f2d.o)
    0x080008ae   0x080008ae   0x00000002   PAD
    0x080008b0   0x080008b0   0x00000030   Code   RO        10918    .text               mf_w.l(cdcmple.o)
    0x080008e0   0x080008e0   0x00000030   Code   RO        10920    .text               mf_w.l(cdrcmple.o)
    0x08000910   0x08000910   0x00000014   Code   RO        10924    .text               mf_w.l(cfcmple.o)
    0x08000924   0x08000924   0x0000001e   Code   RO        11002    .text               mc_w.l(llshl.o)
    0x08000942   0x08000942   0x00000020   Code   RO        11004    .text               mc_w.l(llushr.o)
    0x08000962   0x08000962   0x00000024   Code   RO        11006    .text               mc_w.l(llsshr.o)
    0x08000986   0x08000986   0x00000000   Code   RO        11021    .text               mc_w.l(iusefp.o)
    0x08000986   0x08000986   0x00000002   PAD
    0x08000988   0x08000988   0x00000008   Code   RO        11022    .text               mc_w.l(cpp_dtor.o)
    0x08000990   0x08000990   0x00000042   Code   RO        11027    .text               mc_w.l(cxa_finalize.o)
    0x080009d2   0x080009d2   0x0000006e   Code   RO        11029    .text               mf_w.l(fepilogue.o)
    0x08000a40   0x08000a40   0x00000018   Code   RO        11031    .text               mf_w.l(fscalb.o)
    0x08000a58   0x08000a58   0x0000005e   Code   RO        11033    .text               mf_w.l(fsqrt.o)
    0x08000ab6   0x08000ab6   0x000000ba   Code   RO        11035    .text               mf_w.l(depilogue.o)
    0x08000b70   0x08000b70   0x000000a2   Code   RO        11037    .text               mf_w.l(dsqrt.o)
    0x08000c12   0x08000c12   0x00000002   PAD
    0x08000c14   0x08000c14   0x00000024   Code   RO        11058    .text               mc_w.l(init.o)
    0x08000c38   0x08000c38   0x00000002   Code   RO        11070    .text               mc_w.l(cpp_final.o)
    0x08000c3a   0x08000c3a   0x00000056   Code   RO        11094    .text               mc_w.l(__dczerorl2.o)
    0x08000c90   0x08000c90   0x00000004   Code   RO         1952    i.BusFault_Handler  stm32f7xx_it.o
    0x08000c94   0x08000c94   0x00000014   Code   RO         2422    i.DMA1_Stream1_IRQHandler  drv_uart.o
    0x08000ca8   0x08000ca8   0x00000014   Code   RO         2423    i.DMA1_Stream5_IRQHandler  drv_uart.o
    0x08000cbc   0x08000cbc   0x00000010   Code   RO         2424    i.DMA2_Stream2_IRQHandler  drv_uart.o
    0x08000ccc   0x08000ccc   0x00000002   Code   RO         1953    i.DebugMon_Handler  stm32f7xx_it.o
    0x08000cce   0x08000cce   0x0000000a   Code   RO         2888    i.EXTI0_IRQHandler  drv_exti.o
    0x08000cd8   0x08000cd8   0x00000034   Code   RO         2889    i.EXTI15_10_IRQHandler  drv_exti.o
    0x08000d0c   0x08000d0c   0x0000000a   Code   RO         2890    i.EXTI1_IRQHandler  drv_exti.o
    0x08000d16   0x08000d16   0x0000000a   Code   RO         2891    i.EXTI2_IRQHandler  drv_exti.o
    0x08000d20   0x08000d20   0x0000000a   Code   RO         2892    i.EXTI3_IRQHandler  drv_exti.o
    0x08000d2a   0x08000d2a   0x0000000a   Code   RO         2893    i.EXTI4_IRQHandler  drv_exti.o
    0x08000d34   0x08000d34   0x0000005c   Code   RO         2894    i.EXTI9_5_IRQHandler  drv_exti.o
    0x08000d90   0x08000d90   0x00000028   Code   RO         3467    i.HAL_DMA_Abort_IT  stm32f7xx_hal_dma.o
    0x08000db8   0x08000db8   0x00000248   Code   RO         3471    i.HAL_DMA_IRQHandler  stm32f7xx_hal_dma.o
    0x08001000   0x08001000   0x000000e8   Code   RO         3472    i.HAL_DMA_Init      stm32f7xx_hal_dma.o
    0x080010e8   0x080010e8   0x0000009e   Code   RO         3475    i.HAL_DMA_Start_IT  stm32f7xx_hal_dma.o
    0x08001186   0x08001186   0x0000001a   Code   RO         3131    i.HAL_Delay         stm32f7xx_hal.o
    0x080011a0   0x080011a0   0x00000040   Code   RO         2895    i.HAL_GPIO_EXTI_Callback  drv_exti.o
    0x080011e0   0x080011e0   0x0000001c   Code   RO         3634    i.HAL_GPIO_EXTI_IRQHandler  stm32f7xx_hal_gpio.o
    0x080011fc   0x080011fc   0x00000218   Code   RO         3635    i.HAL_GPIO_Init     stm32f7xx_hal_gpio.o
    0x08001414   0x08001414   0x00000010   Code   RO         3637    i.HAL_GPIO_ReadPin  stm32f7xx_hal_gpio.o
    0x08001424   0x08001424   0x00000008   Code   RO         3638    i.HAL_GPIO_TogglePin  stm32f7xx_hal_gpio.o
    0x0800142c   0x0800142c   0x0000000c   Code   RO         3639    i.HAL_GPIO_WritePin  stm32f7xx_hal_gpio.o
    0x08001438   0x08001438   0x0000000c   Code   RO         3139    i.HAL_GetTick       stm32f7xx_hal.o
    0x08001444   0x08001444   0x00000062   Code   RO         5434    i.HAL_IWDG_Init     stm32f7xx_hal_iwdg.o
    0x080014a6   0x080014a6   0x00000002   PAD
    0x080014a8   0x080014a8   0x00000010   Code   RO         3140    i.HAL_IncTick       stm32f7xx_hal.o
    0x080014b8   0x080014b8   0x00000028   Code   RO         3141    i.HAL_Init          stm32f7xx_hal.o
    0x080014e0   0x080014e0   0x00000028   Code   RO         3142    i.HAL_InitTick      stm32f7xx_hal.o
    0x08001508   0x08001508   0x0000005c   Code   RO         3306    i.HAL_MPU_ConfigRegion  stm32f7xx_hal_cortex.o
    0x08001564   0x08001564   0x0000002c   Code   RO         3307    i.HAL_MPU_Disable   stm32f7xx_hal_cortex.o
    0x08001590   0x08001590   0x00000040   Code   RO         3308    i.HAL_MPU_Enable    stm32f7xx_hal_cortex.o
    0x080015d0   0x080015d0   0x00000002   Code   RO         3144    i.HAL_MspInit       stm32f7xx_hal.o
    0x080015d2   0x080015d2   0x00000002   PAD
    0x080015d4   0x080015d4   0x0000001c   Code   RO         3310    i.HAL_NVIC_DisableIRQ  stm32f7xx_hal_cortex.o
    0x080015f0   0x080015f0   0x0000001a   Code   RO         3311    i.HAL_NVIC_EnableIRQ  stm32f7xx_hal_cortex.o
    0x0800160a   0x0800160a   0x0000007c   Code   RO         3317    i.HAL_NVIC_SetPriority  stm32f7xx_hal_cortex.o
    0x08001686   0x08001686   0x00000002   PAD
    0x08001688   0x08001688   0x00000028   Code   RO         3318    i.HAL_NVIC_SetPriorityGrouping  stm32f7xx_hal_cortex.o
    0x080016b0   0x080016b0   0x00000028   Code   RO         5381    i.HAL_PCDEx_ActivateLPM  stm32f7xx_hal_pcd_ex.o
    0x080016d8   0x080016d8   0x00000002   Code   RO         5383    i.HAL_PCDEx_LPM_Callback  stm32f7xx_hal_pcd_ex.o
    0x080016da   0x080016da   0x0000000a   Code   RO         5384    i.HAL_PCDEx_SetRxFiFo  stm32f7xx_hal_pcd_ex.o
    0x080016e4   0x080016e4   0x00000052   Code   RO         5385    i.HAL_PCDEx_SetTxFiFo  stm32f7xx_hal_pcd_ex.o
    0x08001736   0x08001736   0x0000000e   Code   RO         9716    i.HAL_PCD_ConnectCallback  usbd_conf.o
    0x08001744   0x08001744   0x00000020   Code   RO         9717    i.HAL_PCD_DataInStageCallback  usbd_conf.o
    0x08001764   0x08001764   0x00000020   Code   RO         9718    i.HAL_PCD_DataOutStageCallback  usbd_conf.o
    0x08001784   0x08001784   0x0000000e   Code   RO         9719    i.HAL_PCD_DisconnectCallback  usbd_conf.o
    0x08001792   0x08001792   0x0000006a   Code   RO         5142    i.HAL_PCD_EP_Close  stm32f7xx_hal_pcd.o
    0x080017fc   0x080017fc   0x00000068   Code   RO         5143    i.HAL_PCD_EP_ClrStall  stm32f7xx_hal_pcd.o
    0x08001864   0x08001864   0x00000018   Code   RO         5145    i.HAL_PCD_EP_GetRxCount  stm32f7xx_hal_pcd.o
    0x0800187c   0x0800187c   0x0000008c   Code   RO         5146    i.HAL_PCD_EP_Open   stm32f7xx_hal_pcd.o
    0x08001908   0x08001908   0x00000078   Code   RO         5147    i.HAL_PCD_EP_Receive  stm32f7xx_hal_pcd.o
    0x08001980   0x08001980   0x0000007a   Code   RO         5148    i.HAL_PCD_EP_SetStall  stm32f7xx_hal_pcd.o
    0x080019fa   0x080019fa   0x0000007a   Code   RO         5149    i.HAL_PCD_EP_Transmit  stm32f7xx_hal_pcd.o
    0x08001a74   0x08001a74   0x000006dc   Code   RO         5151    i.HAL_PCD_IRQHandler  stm32f7xx_hal_pcd.o
    0x08002150   0x08002150   0x00000012   Code   RO         9720    i.HAL_PCD_ISOINIncompleteCallback  usbd_conf.o
    0x08002162   0x08002162   0x00000012   Code   RO         9721    i.HAL_PCD_ISOOUTIncompleteCallback  usbd_conf.o
    0x08002174   0x08002174   0x0000014e   Code   RO         5154    i.HAL_PCD_Init      stm32f7xx_hal_pcd.o
    0x080022c2   0x080022c2   0x00000002   PAD
    0x080022c4   0x080022c4   0x0000025c   Code   RO         9723    i.HAL_PCD_MspInit   usbd_conf.o
    0x08002520   0x08002520   0x00000032   Code   RO         9724    i.HAL_PCD_ResetCallback  usbd_conf.o
    0x08002552   0x08002552   0x0000000e   Code   RO         9725    i.HAL_PCD_ResumeCallback  usbd_conf.o
    0x08002560   0x08002560   0x00000012   Code   RO         9726    i.HAL_PCD_SOFCallback  usbd_conf.o
    0x08002572   0x08002572   0x00000032   Code   RO         5160    i.HAL_PCD_SetAddress  stm32f7xx_hal_pcd.o
    0x080025a4   0x080025a4   0x00000012   Code   RO         9727    i.HAL_PCD_SetupStageCallback  usbd_conf.o
    0x080025b6   0x080025b6   0x00000034   Code   RO         5162    i.HAL_PCD_Start     stm32f7xx_hal_pcd.o
    0x080025ea   0x080025ea   0x0000000e   Code   RO         9728    i.HAL_PCD_SuspendCallback  usbd_conf.o
    0x080025f8   0x080025f8   0x00000090   Code   RO         3853    i.HAL_PWREx_EnableOverDrive  stm32f7xx_hal_pwr_ex.o
    0x08002688   0x08002688   0x00000918   Code   RO         4070    i.HAL_RCCEx_PeriphCLKConfig  stm32f7xx_hal_rcc_ex.o
    0x08002fa0   0x08002fa0   0x000001b4   Code   RO         3953    i.HAL_RCC_ClockConfig  stm32f7xx_hal_rcc.o
    0x08003154   0x08003154   0x0000000c   Code   RO         3958    i.HAL_RCC_GetHCLKFreq  stm32f7xx_hal_rcc.o
    0x08003160   0x08003160   0x0000002c   Code   RO         3960    i.HAL_RCC_GetPCLK1Freq  stm32f7xx_hal_rcc.o
    0x0800318c   0x0800318c   0x0000002c   Code   RO         3961    i.HAL_RCC_GetPCLK2Freq  stm32f7xx_hal_rcc.o
    0x080031b8   0x080031b8   0x000000b4   Code   RO         3962    i.HAL_RCC_GetSysClockFreq  stm32f7xx_hal_rcc.o
    0x0800326c   0x0800326c   0x000004c4   Code   RO         3965    i.HAL_RCC_OscConfig  stm32f7xx_hal_rcc.o
    0x08003730   0x08003730   0x000000f2   Code   RO         4737    i.HAL_SPI_Init      stm32f7xx_hal_spi.o
    0x08003822   0x08003822   0x00000002   PAD
    0x08003824   0x08003824   0x00000180   Code   RO         2164    i.HAL_SPI_MspInit   drv_spi.o
    0x080039a4   0x080039a4   0x000003a8   Code   RO         4746    i.HAL_SPI_TransmitReceive  stm32f7xx_hal_spi.o
    0x08003d4c   0x08003d4c   0x00000028   Code   RO         3320    i.HAL_SYSTICK_CLKSourceConfig  stm32f7xx_hal_cortex.o
    0x08003d74   0x08003d74   0x00000034   Code   RO         3322    i.HAL_SYSTICK_Config  stm32f7xx_hal_cortex.o
    0x08003da8   0x08003da8   0x00000002   Code   RO         2654    i.HAL_TIMEx_BreakCallback  drv_timer.o
    0x08003daa   0x08003daa   0x00000002   Code   RO         2655    i.HAL_TIMEx_CommutationCallback  drv_timer.o
    0x08003dac   0x08003dac   0x0000002e   Code   RO         5468    i.HAL_TIM_Base_Init  stm32f7xx_hal_tim.o
    0x08003dda   0x08003dda   0x00000002   PAD
    0x08003ddc   0x08003ddc   0x00000124   Code   RO         2657    i.HAL_TIM_Base_MspInit  drv_timer.o
    0x08003f00   0x08003f00   0x0000001e   Code   RO         5471    i.HAL_TIM_Base_Start  stm32f7xx_hal_tim.o
    0x08003f1e   0x08003f1e   0x00000002   Code   RO         5497    i.HAL_TIM_IC_CaptureCallback  stm32f7xx_hal_tim.o
    0x08003f20   0x08003f20   0x000001b8   Code   RO         5510    i.HAL_TIM_IRQHandler  stm32f7xx_hal_tim.o
    0x080040d8   0x080040d8   0x00000002   Code   RO         5513    i.HAL_TIM_OC_DelayElapsedCallback  stm32f7xx_hal_tim.o
    0x080040da   0x080040da   0x00000002   Code   RO         5540    i.HAL_TIM_PWM_PulseFinishedCallback  stm32f7xx_hal_tim.o
    0x080040dc   0x080040dc   0x0000004c   Code   RO         2658    i.HAL_TIM_PeriodElapsedCallback  drv_timer.o
    0x08004128   0x08004128   0x00000002   Code   RO         5551    i.HAL_TIM_TriggerCallback  stm32f7xx_hal_tim.o
    0x0800412a   0x0800412a   0x00000002   PAD
    0x0800412c   0x0800412c   0x0000002c   Code   RO         2425    i.HAL_UART_ErrorCallback  drv_uart.o
    0x08004158   0x08004158   0x00000160   Code   RO         4125    i.HAL_UART_IRQHandler  stm32f7xx_hal_uart.o
    0x080042b8   0x080042b8   0x00000078   Code   RO         4126    i.HAL_UART_Init     stm32f7xx_hal_uart.o
    0x08004330   0x08004330   0x000001e4   Code   RO         2427    i.HAL_UART_MspInit  drv_uart.o
    0x08004514   0x08004514   0x000000ac   Code   RO         4130    i.HAL_UART_Receive_DMA  stm32f7xx_hal_uart.o
    0x080045c0   0x080045c0   0x000000bc   Code   RO         4131    i.HAL_UART_Receive_IT  stm32f7xx_hal_uart.o
    0x0800467c   0x0800467c   0x00000044   Code   RO         2428    i.HAL_UART_RxCpltCallback  drv_uart.o
    0x080046c0   0x080046c0   0x00000002   Code   RO         4133    i.HAL_UART_RxHalfCpltCallback  stm32f7xx_hal_uart.o
    0x080046c2   0x080046c2   0x000000c6   Code   RO         4134    i.HAL_UART_Transmit  stm32f7xx_hal_uart.o
    0x08004788   0x08004788   0x00000002   Code   RO         2429    i.HAL_UART_TxCpltCallback  drv_uart.o
    0x0800478a   0x0800478a   0x00000006   Code   RO         1954    i.HardFault_Handler  stm32f7xx_it.o
    0x08004790   0x08004790   0x00000004   Code   RO         1955    i.MemManage_Handler  stm32f7xx_it.o
    0x08004794   0x08004794   0x00000002   Code   RO         1956    i.NMI_Handler       stm32f7xx_it.o
    0x08004796   0x08004796   0x00000002   PAD
    0x08004798   0x08004798   0x00000010   Code   RO         9729    i.OTG_FS_IRQHandler  usbd_conf.o
    0x080047a8   0x080047a8   0x0000000c   Code   RO         1957    i.SysTick_Handler   stm32f7xx_it.o
    0x080047b4   0x080047b4   0x0000006e   Code   RO         2397    i.SystemClock_Config  system_clock.o
    0x08004822   0x08004822   0x00000002   PAD
    0x08004824   0x08004824   0x00000054   Code   RO         1838    i.SystemInit        system_stm32f7xx.o
    0x08004878   0x08004878   0x00000010   Code   RO         2659    i.TIM1_UP_TIM10_IRQHandler  drv_timer.o
    0x08004888   0x08004888   0x00000010   Code   RO         2660    i.TIM2_IRQHandler   drv_timer.o
    0x08004898   0x08004898   0x00000010   Code   RO         2661    i.TIM6_DAC_IRQHandler  drv_timer.o
    0x080048a8   0x080048a8   0x00000010   Code   RO         2662    i.TIM8_TRG_COM_TIM14_IRQHandler  drv_timer.o
    0x080048b8   0x080048b8   0x00000010   Code   RO         2663    i.TIM8_UP_TIM13_IRQHandler  drv_timer.o
    0x080048c8   0x080048c8   0x000000e4   Code   RO         5552    i.TIM_Base_SetConfig  stm32f7xx_hal_tim.o
    0x080049ac   0x080049ac   0x00000010   Code   RO         2430    i.UART4_IRQHandler  drv_uart.o
    0x080049bc   0x080049bc   0x000000ea   Code   RO         4139    i.UART_AdvFeatureConfig  stm32f7xx_hal_uart.o
    0x08004aa6   0x08004aa6   0x00000074   Code   RO         4140    i.UART_CheckIdleState  stm32f7xx_hal_uart.o
    0x08004b1a   0x08004b1a   0x00000002   PAD
    0x08004b1c   0x08004b1c   0x0000038c   Code   RO         4141    i.UART_SetConfig    stm32f7xx_hal_uart.o
    0x08004ea8   0x08004ea8   0x0000006c   Code   RO         4142    i.UART_WaitOnFlagUntilTimeout  stm32f7xx_hal_uart.o
    0x08004f14   0x08004f14   0x00000010   Code   RO         2431    i.USART1_IRQHandler  drv_uart.o
    0x08004f24   0x08004f24   0x00000010   Code   RO         2432    i.USART2_IRQHandler  drv_uart.o
    0x08004f34   0x08004f34   0x00000010   Code   RO         2433    i.USART3_IRQHandler  drv_uart.o
    0x08004f44   0x08004f44   0x0000003a   Code   RO         9483    i.USBD_CDC_ReceivePacket  usbd_cdc.o
    0x08004f7e   0x08004f7e   0x0000000e   Code   RO         9484    i.USBD_CDC_RegisterInterface  usbd_cdc.o
    0x08004f8c   0x08004f8c   0x0000000e   Code   RO         9485    i.USBD_CDC_SetRxBuffer  usbd_cdc.o
    0x08004f9a   0x08004f9a   0x00000014   Code   RO         9486    i.USBD_CDC_SetTxBuffer  usbd_cdc.o
    0x08004fae   0x08004fae   0x00000038   Code   RO         9487    i.USBD_CDC_TransmitPacket  usbd_cdc.o
    0x08004fe6   0x08004fe6   0x00000016   Code   RO         9940    i.USBD_ClrClassConfig  usbd_core.o
    0x08004ffc   0x08004ffc   0x00000018   Code   RO        10293    i.USBD_CtlContinueRx  usbd_ioreq.o
    0x08005014   0x08005014   0x00000018   Code   RO        10294    i.USBD_CtlContinueSendData  usbd_ioreq.o
    0x0800502c   0x0800502c   0x00000018   Code   RO        10098    i.USBD_CtlError     usbd_ctlreq.o
    0x08005044   0x08005044   0x00000028   Code   RO        10295    i.USBD_CtlPrepareRx  usbd_ioreq.o
    0x0800506c   0x0800506c   0x0000001a   Code   RO        10296    i.USBD_CtlReceiveStatus  usbd_ioreq.o
    0x08005086   0x08005086   0x00000022   Code   RO        10297    i.USBD_CtlSendData  usbd_ioreq.o
    0x080050a8   0x080050a8   0x0000001a   Code   RO        10298    i.USBD_CtlSendStatus  usbd_ioreq.o
    0x080050c2   0x080050c2   0x00000052   Code   RO        10099    i.USBD_GetString    usbd_ctlreq.o
    0x08005114   0x08005114   0x00000032   Code   RO         9942    i.USBD_Init         usbd_core.o
    0x08005146   0x08005146   0x00000014   Code   RO         9730    i.USBD_LL_ClearStallEP  usbd_conf.o
    0x0800515a   0x0800515a   0x00000014   Code   RO         9731    i.USBD_LL_CloseEP   usbd_conf.o
    0x0800516e   0x0800516e   0x000000da   Code   RO         9943    i.USBD_LL_DataInStage  usbd_core.o
    0x08005248   0x08005248   0x00000086   Code   RO         9944    i.USBD_LL_DataOutStage  usbd_core.o
    0x080052ce   0x080052ce   0x00000006   Code   RO         9945    i.USBD_LL_DevConnected  usbd_core.o
    0x080052d4   0x080052d4   0x0000001a   Code   RO         9946    i.USBD_LL_DevDisconnected  usbd_core.o
    0x080052ee   0x080052ee   0x00000012   Code   RO         9735    i.USBD_LL_GetRxDataSize  usbd_conf.o
    0x08005300   0x08005300   0x00000064   Code   RO         9736    i.USBD_LL_Init      usbd_conf.o
    0x08005364   0x08005364   0x00000038   Code   RO         9737    i.USBD_LL_IsStallEP  usbd_conf.o
    0x0800539c   0x0800539c   0x00000006   Code   RO         9947    i.USBD_LL_IsoINIncomplete  usbd_core.o
    0x080053a2   0x080053a2   0x00000006   Code   RO         9948    i.USBD_LL_IsoOUTIncomplete  usbd_core.o
    0x080053a8   0x080053a8   0x00000020   Code   RO         9738    i.USBD_LL_OpenEP    usbd_conf.o
    0x080053c8   0x080053c8   0x00000020   Code   RO         9739    i.USBD_LL_PrepareReceive  usbd_conf.o
    0x080053e8   0x080053e8   0x00000044   Code   RO         9949    i.USBD_LL_Reset     usbd_core.o
    0x0800542c   0x0800542c   0x0000000e   Code   RO         9950    i.USBD_LL_Resume    usbd_core.o
    0x0800543a   0x0800543a   0x00000022   Code   RO         9951    i.USBD_LL_SOF       usbd_core.o
    0x0800545c   0x0800545c   0x00000008   Code   RO         9952    i.USBD_LL_SetSpeed  usbd_core.o
    0x08005464   0x08005464   0x00000014   Code   RO         9740    i.USBD_LL_SetUSBAddress  usbd_conf.o
    0x08005478   0x08005478   0x0000006e   Code   RO         9953    i.USBD_LL_SetupStage  usbd_core.o
    0x080054e6   0x080054e6   0x00000014   Code   RO         9741    i.USBD_LL_StallEP   usbd_conf.o
    0x080054fa   0x080054fa   0x00000010   Code   RO         9742    i.USBD_LL_Start     usbd_conf.o
    0x0800550a   0x0800550a   0x00000014   Code   RO         9954    i.USBD_LL_Suspend   usbd_core.o
    0x0800551e   0x0800551e   0x00000020   Code   RO         9744    i.USBD_LL_Transmit  usbd_conf.o
    0x0800553e   0x0800553e   0x00000028   Code   RO        10100    i.USBD_ParseSetupRequest  usbd_ctlreq.o
    0x08005566   0x08005566   0x00000010   Code   RO         9955    i.USBD_RegisterClass  usbd_core.o
    0x08005576   0x08005576   0x00000006   Code   RO         9956    i.USBD_RunTestMode  usbd_core.o
    0x0800557c   0x0800557c   0x00000022   Code   RO         9957    i.USBD_SetClassConfig  usbd_core.o
    0x0800559e   0x0800559e   0x0000000e   Code   RO         9958    i.USBD_Start        usbd_core.o
    0x080055ac   0x080055ac   0x00000072   Code   RO        10101    i.USBD_StdDevReq    usbd_ctlreq.o
    0x0800561e   0x0800561e   0x00000156   Code   RO        10102    i.USBD_StdEPReq     usbd_ctlreq.o
    0x08005774   0x08005774   0x0000004a   Code   RO        10103    i.USBD_StdItfReq    usbd_ctlreq.o
    0x080057be   0x080057be   0x00000002   PAD
    0x080057c0   0x080057c0   0x000000c4   Code   RO         6606    i.USB_ActivateEndpoint  stm32f7xx_ll_usb.o
    0x08005884   0x08005884   0x00000044   Code   RO         6607    i.USB_ActivateSetup  stm32f7xx_ll_usb.o
    0x080058c8   0x080058c8   0x00000070   Code   RO         6609    i.USB_CoreInit      stm32f7xx_ll_usb.o
    0x08005938   0x08005938   0x000000a8   Code   RO         6611    i.USB_DeactivateEndpoint  stm32f7xx_ll_usb.o
    0x080059e0   0x080059e0   0x0000001e   Code   RO         6612    i.USB_DevConnect    stm32f7xx_ll_usb.o
    0x080059fe   0x080059fe   0x0000001e   Code   RO         6613    i.USB_DevDisconnect  stm32f7xx_ll_usb.o
    0x08005a1c   0x08005a1c   0x000001ac   Code   RO         6614    i.USB_DevInit       stm32f7xx_ll_usb.o
    0x08005bc8   0x08005bc8   0x0000000e   Code   RO         6615    i.USB_DisableGlobalInt  stm32f7xx_ll_usb.o
    0x08005bd6   0x08005bd6   0x00000002   PAD
    0x08005bd8   0x08005bd8   0x000001ac   Code   RO         6618    i.USB_EP0StartXfer  stm32f7xx_ll_usb.o
    0x08005d84   0x08005d84   0x00000044   Code   RO         6619    i.USB_EP0_OutStart  stm32f7xx_ll_usb.o
    0x08005dc8   0x08005dc8   0x00000088   Code   RO         6620    i.USB_EPClearStall  stm32f7xx_ll_usb.o
    0x08005e50   0x08005e50   0x0000008c   Code   RO         6621    i.USB_EPSetStall    stm32f7xx_ll_usb.o
    0x08005edc   0x08005edc   0x000002d0   Code   RO         6622    i.USB_EPStartXfer   stm32f7xx_ll_usb.o
    0x080061ac   0x080061ac   0x0000000e   Code   RO         6623    i.USB_EnableGlobalInt  stm32f7xx_ll_usb.o
    0x080061ba   0x080061ba   0x00000002   PAD
    0x080061bc   0x080061bc   0x0000002c   Code   RO         6624    i.USB_FlushRxFifo   stm32f7xx_ll_usb.o
    0x080061e8   0x080061e8   0x00000030   Code   RO         6625    i.USB_FlushTxFifo   stm32f7xx_ll_usb.o
    0x08006218   0x08006218   0x00000044   Code   RO         6627    i.USB_GetDevSpeed   stm32f7xx_ll_usb.o
    0x0800625c   0x0800625c   0x0000000a   Code   RO         6629    i.USB_GetMode       stm32f7xx_ll_usb.o
    0x08006266   0x08006266   0x00000002   Code   RO         2292    i.USB_Init          bsp.o
    0x08006268   0x08006268   0x00000012   Code   RO         6636    i.USB_ReadDevAllInEpInterrupt  stm32f7xx_ll_usb.o
    0x0800627a   0x0800627a   0x00000012   Code   RO         6637    i.USB_ReadDevAllOutEpInterrupt  stm32f7xx_ll_usb.o
    0x0800628c   0x0800628c   0x0000002c   Code   RO         6638    i.USB_ReadDevInEPInterrupt  stm32f7xx_ll_usb.o
    0x080062b8   0x080062b8   0x00000016   Code   RO         6639    i.USB_ReadDevOutEPInterrupt  stm32f7xx_ll_usb.o
    0x080062ce   0x080062ce   0x0000000c   Code   RO         6640    i.USB_ReadInterrupts  stm32f7xx_ll_usb.o
    0x080062da   0x080062da   0x00000028   Code   RO         6641    i.USB_ReadPacket    stm32f7xx_ll_usb.o
    0x08006302   0x08006302   0x00000030   Code   RO         6643    i.USB_SetCurrentMode  stm32f7xx_ll_usb.o
    0x08006332   0x08006332   0x00000024   Code   RO         6644    i.USB_SetDevAddress  stm32f7xx_ll_usb.o
    0x08006356   0x08006356   0x00000010   Code   RO         6645    i.USB_SetDevSpeed   stm32f7xx_ll_usb.o
    0x08006366   0x08006366   0x0000003a   Code   RO         6648    i.USB_WritePacket   stm32f7xx_ll_usb.o
    0x080063a0   0x080063a0   0x00000004   Code   RO         1958    i.UsageFault_Handler  stm32f7xx_it.o
    0x080063a4   0x080063a4   0x00000010   Code   RO         2434    i._Z11Rx1_Handlerv  drv_uart.o
    0x080063b4   0x080063b4   0x00000010   Code   RO         2435    i._Z11Rx2_Handlerv  drv_uart.o
    0x080063c4   0x080063c4   0x00000094   Code   RO         9612    i._Z13CDC_Itf_TxISRv  usbd_cdc_interface.o
    0x08006458   0x08006458   0x000000ac   Code   RO           13    i._Z16InitPoseCallbackRKN13geometry_msgs25PoseWithCovarianceStampedE  main.o
    0x08006504   0x08006504   0x00000228   Code   RO           15    i._Z23commandVelocityCallbackRKN13geometry_msgs5TwistE  main.o
    0x0800672c   0x0800672c   0x00000010   Code   RO        10207    i._Z25USBD_VCP_DeviceDescriptor17USBD_SpeedTypeDefPt  usbd_desc.o
    0x0800673c   0x0800673c   0x00000034   Code   RO        10208    i._Z28USBD_VCP_ConfigStrDescriptor17USBD_SpeedTypeDefPt  usbd_desc.o
    0x08006770   0x08006770   0x00000010   Code   RO        10209    i._Z28USBD_VCP_LangIDStrDescriptor17USBD_SpeedTypeDefPt  usbd_desc.o
    0x08006780   0x08006780   0x00000018   Code   RO        10210    i._Z28USBD_VCP_SerialStrDescriptor17USBD_SpeedTypeDefPt  usbd_desc.o
    0x08006798   0x08006798   0x00000078   Code   RO        10211    i._Z29USBD_VCP_ProductStrDescriptor17USBD_SpeedTypeDefPt  usbd_desc.o
    0x08006810   0x08006810   0x00000038   Code   RO        10212    i._Z31USBD_VCP_InterfaceStrDescriptor17USBD_SpeedTypeDefPt  usbd_desc.o
    0x08006848   0x08006848   0x00000020   Code   RO        10213    i._Z34USBD_VCP_ManufacturerStrDescriptor17USBD_SpeedTypeDefPt  usbd_desc.o
    0x08006868   0x08006868   0x00000010   Code   RO         9488    i._Z37USBD_CDC_GetDeviceQualifierDescriptorPt  usbd_cdc.o
    0x08006878   0x08006878   0x0000009c   Code   RO           17    i._Z4loopv          main.o
    0x08006914   0x08006914   0x0000005c   Code   RO          462    i._ZN11sensor_msgs3ImuC1Ev  main.o
    0x08006970   0x08006970   0x00000010   Code   RO         1431    i._ZN12robot_serialC1Ev  cpackage.o
    0x08006980   0x08006980   0x00000002   Code   RO         1432    i._ZN12robot_serialD1Ev  cpackage.o
    0x08006982   0x08006982   0x00000002   PAD
    0x08006984   0x08006984   0x00000024   Code   RO          208    i._ZN13geometry_msgs10QuaternionC1Ev  main.o
    0x080069a8   0x080069a8   0x00000058   Code   RO          390    i._ZN13geometry_msgs16TransformStampedC1Ev  main.o
    0x08006a00   0x08006a00   0x00000064   Code   RO          288    i._ZN13geometry_msgs18PoseWithCovarianceC1Ev  main.o
    0x08006a64   0x08006a64   0x0000002c   Code   RO          270    i._ZN13geometry_msgs5TwistC1Ev  main.o
    0x08006a90   0x08006a90   0x00000020   Code   RO          264    i._ZN13geometry_msgs7Vector3C1Ev  main.o
    0x08006ab0   0x08006ab0   0x0000009c   Code   RO         2293    i._ZN26_INTERNAL_5_bsp_c_bsp_init16SCB_EnableDCacheEv  bsp.o
    0x08006b4c   0x08006b4c   0x00000238   Code   RO         2896    i._ZN32_INTERNAL_10_drv_exti_c_54292b4215drv_exti_attachEjPFYvvEj  drv_exti.o
    0x08006d84   0x08006d84   0x000000a6   Code   RO         9489    i._ZN32_INTERNAL_10_usbd_cdc_c_USBD_CDC13USBD_CDC_InitEP19_USBD_HandleTypeDefh  usbd_cdc.o
    0x08006e2a   0x08006e2a   0x00000002   PAD
    0x08006e2c   0x08006e2c   0x00000090   Code   RO         9490    i._ZN32_INTERNAL_10_usbd_cdc_c_USBD_CDC14USBD_CDC_SetupEP19_USBD_HandleTypeDefP13usb_setup_req  usbd_cdc.o
    0x08006ebc   0x08006ebc   0x0000001a   Code   RO         9491    i._ZN32_INTERNAL_10_usbd_cdc_c_USBD_CDC15USBD_CDC_DataInEP19_USBD_HandleTypeDefh  usbd_cdc.o
    0x08006ed6   0x08006ed6   0x00000040   Code   RO         9492    i._ZN32_INTERNAL_10_usbd_cdc_c_USBD_CDC15USBD_CDC_DeInitEP19_USBD_HandleTypeDefh  usbd_cdc.o
    0x08006f16   0x08006f16   0x00000034   Code   RO         9493    i._ZN32_INTERNAL_10_usbd_cdc_c_USBD_CDC16USBD_CDC_DataOutEP19_USBD_HandleTypeDefh  usbd_cdc.o
    0x08006f4a   0x08006f4a   0x00000032   Code   RO         9494    i._ZN32_INTERNAL_10_usbd_cdc_c_USBD_CDC20USBD_CDC_EP0_RxReadyEP19_USBD_HandleTypeDef  usbd_cdc.o
    0x08006f7c   0x08006f7c   0x00000010   Code   RO         9495    i._ZN32_INTERNAL_10_usbd_cdc_c_USBD_CDC21USBD_CDC_GetFSCfgDescEPt  usbd_cdc.o
    0x08006f8c   0x08006f8c   0x00000010   Code   RO         9496    i._ZN32_INTERNAL_10_usbd_cdc_c_USBD_CDC21USBD_CDC_GetHSCfgDescEPt  usbd_cdc.o
    0x08006f9c   0x08006f9c   0x00000010   Code   RO         9497    i._ZN32_INTERNAL_10_usbd_cdc_c_USBD_CDC29USBD_CDC_GetOtherSpeedCfgDescEPt  usbd_cdc.o
    0x08006fac   0x08006fac   0x0000003e   Code   RO        10214    i._ZN33_INTERNAL_11_usbd_desc_c_VCP_Desc12IntToUnicodeEjPhh  usbd_desc.o
    0x08006fea   0x08006fea   0x00000002   PAD
    0x08006fec   0x08006fec   0x00000034   Code   RO        10215    i._ZN33_INTERNAL_11_usbd_desc_c_VCP_Desc13Get_SerialNumEv  usbd_desc.o
    0x08007020   0x08007020   0x00000014   Code   RO        10104    i._ZN35_INTERNAL_13_usbd_ctlreq_c_f346f8f111USBD_GetLenEPh  usbd_ctlreq.o
    0x08007034   0x08007034   0x00000050   Code   RO        10105    i._ZN35_INTERNAL_13_usbd_ctlreq_c_f346f8f114USBD_GetConfigEP19_USBD_HandleTypeDefP13usb_setup_req  usbd_ctlreq.o
    0x08007084   0x08007084   0x00000044   Code   RO        10106    i._ZN35_INTERNAL_13_usbd_ctlreq_c_f346f8f114USBD_GetStatusEP19_USBD_HandleTypeDefP13usb_setup_req  usbd_ctlreq.o
    0x080070c8   0x080070c8   0x000000e0   Code   RO        10107    i._ZN35_INTERNAL_13_usbd_ctlreq_c_f346f8f114USBD_SetConfigEP19_USBD_HandleTypeDefP13usb_setup_req  usbd_ctlreq.o
    0x080071a8   0x080071a8   0x00000044   Code   RO        10108    i._ZN35_INTERNAL_13_usbd_ctlreq_c_f346f8f115USBD_ClrFeatureEP19_USBD_HandleTypeDefP13usb_setup_req  usbd_ctlreq.o
    0x080071ec   0x080071ec   0x00000054   Code   RO        10109    i._ZN35_INTERNAL_13_usbd_ctlreq_c_f346f8f115USBD_SetAddressEP19_USBD_HandleTypeDefP13usb_setup_req  usbd_ctlreq.o
    0x08007240   0x08007240   0x00000024   Code   RO        10110    i._ZN35_INTERNAL_13_usbd_ctlreq_c_f346f8f115USBD_SetFeatureEP19_USBD_HandleTypeDefP13usb_setup_req  usbd_ctlreq.o
    0x08007264   0x08007264   0x00000148   Code   RO        10111    i._ZN35_INTERNAL_13_usbd_ctlreq_c_f346f8f118USBD_GetDescriptorEP19_USBD_HandleTypeDefP13usb_setup_req  usbd_ctlreq.o
    0x080073ac   0x080073ac   0x0000000c   Code   RO          453    i._ZN3ros11Subscriber_C2Ev  main.o
    0x080073b8   0x080073b8   0x0000000c   Code   RO          414    i._ZN3ros3MsgC2Ev   main.o
    0x080073c4   0x080073c4   0x00000008   Code   RO          423    i._ZN3ros4TimeC1Ev  main.o
    0x080073cc   0x080073cc   0x00000008   Code   RO          447    i._ZN3ros9PublisherC1EPKcPNS_3MsgEi  main.o
    0x080073d4   0x080073d4   0x0000004c   Code   RO         6649    i._ZN40_INTERNAL_18_stm32f7xx_ll_usb_c_832330cf13USB_CoreResetEP21USB_OTG_GlobalTypeDef  stm32f7xx_ll_usb.o
    0x08007420   0x08007420   0x0000002c   Code   RO         3478    i._ZN41_INTERNAL_19_stm32f7xx_hal_dma_c_c25f65ec13DMA_SetConfigEP19__DMA_HandleTypeDefjjj  stm32f7xx_hal_dma.o
    0x0800744c   0x0800744c   0x000000ba   Code   RO         3479    i._ZN41_INTERNAL_19_stm32f7xx_hal_dma_c_c25f65ec18DMA_CheckFifoParamEP19__DMA_HandleTypeDef  stm32f7xx_hal_dma.o
    0x08007506   0x08007506   0x00000002   PAD
    0x08007508   0x08007508   0x00000034   Code   RO         3480    i._ZN41_INTERNAL_19_stm32f7xx_hal_dma_c_c25f65ec23DMA_CalcBaseAndBitshiftEP19__DMA_HandleTypeDef  stm32f7xx_hal_dma.o
    0x0800753c   0x0800753c   0x000000b0   Code   RO         5165    i._ZN41_INTERNAL_19_stm32f7xx_hal_pcd_c_3a5cb0d320PCD_WriteEmptyTxFifoEP17PCD_HandleTypeDefj  stm32f7xx_hal_pcd.o
    0x080075ec   0x080075ec   0x00000064   Code   RO         4778    i._ZN41_INTERNAL_19_stm32f7xx_hal_spi_c_5e7b22bd22SPI_EndRxTxTransactionEP19__SPI_HandleTypeDefjj  stm32f7xx_hal_spi.o
    0x08007650   0x08007650   0x000000b2   Code   RO         4783    i._ZN41_INTERNAL_19_stm32f7xx_hal_spi_c_5e7b22bd29SPI_WaitFifoStateUntilTimeoutEP19__SPI_HandleTypeDefjjjj  stm32f7xx_hal_spi.o
    0x08007702   0x08007702   0x000000a0   Code   RO         4784    i._ZN41_INTERNAL_19_stm32f7xx_hal_spi_c_5e7b22bd29SPI_WaitFlagStateUntilTimeoutEP19__SPI_HandleTypeDefjjjj  stm32f7xx_hal_spi.o
    0x080077a2   0x080077a2   0x0000004e   Code   RO         4143    i._ZN42_INTERNAL_20_stm32f7xx_hal_uart_c_d497114f13UART_DMAErrorEP19__DMA_HandleTypeDef  stm32f7xx_hal_uart.o
    0x080077f0   0x080077f0   0x00000088   Code   RO         4144    i._ZN42_INTERNAL_20_stm32f7xx_hal_uart_c_d497114f15UART_Receive_ITEP18UART_HandleTypeDef  stm32f7xx_hal_uart.o
    0x08007878   0x08007878   0x0000006a   Code   RO         4145    i._ZN42_INTERNAL_20_stm32f7xx_hal_uart_c_d497114f16UART_Transmit_ITEP18UART_HandleTypeDef  stm32f7xx_hal_uart.o
    0x080078e2   0x080078e2   0x0000000e   Code   RO         4146    i._ZN42_INTERNAL_20_stm32f7xx_hal_uart_c_d497114f18UART_DMARxHalfCpltEP19__DMA_HandleTypeDef  stm32f7xx_hal_uart.o
    0x080078f0   0x080078f0   0x00000020   Code   RO         4148    i._ZN42_INTERNAL_20_stm32f7xx_hal_uart_c_d497114f18UART_EndRxTransferEP18UART_HandleTypeDef  stm32f7xx_hal_uart.o
    0x08007910   0x08007910   0x00000014   Code   RO         4149    i._ZN42_INTERNAL_20_stm32f7xx_hal_uart_c_d497114f18UART_EndTxTransferEP18UART_HandleTypeDef  stm32f7xx_hal_uart.o
    0x08007924   0x08007924   0x00000048   Code   RO         4150    i._ZN42_INTERNAL_20_stm32f7xx_hal_uart_c_d497114f19UART_DMAReceiveCpltEP19__DMA_HandleTypeDef  stm32f7xx_hal_uart.o
    0x0800796c   0x0800796c   0x00000020   Code   RO         4151    i._ZN42_INTERNAL_20_stm32f7xx_hal_uart_c_d497114f19UART_EndTransmit_ITEP18UART_HandleTypeDef  stm32f7xx_hal_uart.o
    0x0800798c   0x0800798c   0x00000018   Code   RO         4152    i._ZN42_INTERNAL_20_stm32f7xx_hal_uart_c_d497114f20UART_DMAAbortOnErrorEP19__DMA_HandleTypeDef  stm32f7xx_hal_uart.o
    0x080079a4   0x080079a4   0x00000084   Code   RO         9617    i._ZN42_INTERNAL_20_usbd_cdc_interface_c_691df63312CDC_Itf_InitEv  usbd_cdc_interface.o
    0x08007a28   0x08007a28   0x0000000c   Code   RO         9618    i._ZN42_INTERNAL_20_usbd_cdc_interface_c_691df63314CDC_Itf_DeInitEv  usbd_cdc_interface.o
    0x08007a34   0x08007a34   0x000000ec   Code   RO         9619    i._ZN42_INTERNAL_20_usbd_cdc_interface_c_691df63315CDC_Itf_ControlEhPht  usbd_cdc_interface.o
    0x08007b20   0x08007b20   0x000000a4   Code   RO         9620    i._ZN42_INTERNAL_20_usbd_cdc_interface_c_691df63315CDC_Itf_ReceiveEPhPj  usbd_cdc_interface.o
    0x08007bc4   0x08007bc4   0x00000028   Code   RO         3324    i._ZN44_INTERNAL_22_stm32f7xx_hal_cortex_c_2992dbc016NVIC_SetPriorityE9IRQn_Typej  stm32f7xx_hal_cortex.o
    0x08007bec   0x08007bec   0x00000010   Code   RO         3325    i._ZN44_INTERNAL_22_stm32f7xx_hal_cortex_c_2992dbc024NVIC_GetPriorityGroupingEv  stm32f7xx_hal_cortex.o
    0x08007bfc   0x08007bfc   0x00000310   Code   RO         7603    i._ZN4cIMU10computeIMUEv  imu.o
    0x08007f0c   0x08007f0c   0x000000a4   Code   RO         7604    i._ZN4cIMU5beginEj  imu.o
    0x08007fb0   0x08007fb0   0x000000a8   Code   RO         7605    i._ZN4cIMU6updateEj  imu.o
    0x08008058   0x08008058   0x00000038   Code   RO         7606    i._ZN4cIMUC1Ev      imu.o
    0x08008090   0x08008090   0x00000188   Code   RO         1509    i._ZN6CMotorC1Ev    cmotor.o
    0x08008218   0x08008218   0x00000002   Code   RO         1510    i._ZN6CMotorD1Ev    cmotor.o
    0x0800821a   0x0800821a   0x00000002   PAD
    0x0800821c   0x0800821c   0x000000fc   Code   RO         1624    i._ZN6CSonar4InitEP9UARTClass  csonar.o
    0x08008318   0x08008318   0x00000068   Code   RO         1625    i._ZN6CSonar5clearEv  csonar.o
    0x08008380   0x08008380   0x000000ac   Code   RO         1626    i._ZN6CSonar6updateEv  csonar.o
    0x0800842c   0x0800842c   0x00000104   Code   RO         1627    i._ZN6CSonar6uploadEv  csonar.o
    0x08008530   0x08008530   0x000000d8   Code   RO         1628    i._ZN6CSonarC1Ev    csonar.o
    0x08008608   0x08008608   0x00000002   Code   RO         1629    i._ZN6CSonarD1Ev    csonar.o
    0x0800860a   0x0800860a   0x00000006   Code   RO          441    i._ZN7CKalman17setMeasureNoise_REd  main.o
    0x08008610   0x08008610   0x0000002c   Code   RO         1586    i._ZN7CKalmanC1Ev   ckalman.o
    0x0800863c   0x0800863c   0x00000002   Code   RO         1587    i._ZN7CKalmanD1Ev   ckalman.o
    0x0800863e   0x0800863e   0x000000ce   Code   RO         7446    i._ZN8Madgwick13computeAnglesEv  madgwickahrs.o
    0x0800870c   0x0800870c   0x00000070   Code   RO         7448    i._ZN8Madgwick7invSqrtEf  madgwickahrs.o
    0x0800877c   0x0800877c   0x0000066c   Code   RO         7449    i._ZN8Madgwick9updateIMUEffffff  madgwickahrs.o
    0x08008de8   0x08008de8   0x00000024   Code   RO         7450    i._ZN8MadgwickC1Ev  madgwickahrs.o
    0x08008e0c   0x08008e0c   0x00000020   Code   RO         7344    i._ZN8SPIClass11setBitOrderEh  spi.o
    0x08008e2c   0x08008e2c   0x00000068   Code   RO         7345    i._ZN8SPIClass11setDataModeEh  spi.o
    0x08008e94   0x08008e94   0x00000060   Code   RO         7347    i._ZN8SPIClass15setClockDividerEh  spi.o
    0x08008ef4   0x08008ef4   0x00000054   Code   RO         7348    i._ZN8SPIClass4initEv  spi.o
    0x08008f48   0x08008f48   0x0000000c   Code   RO         7349    i._ZN8SPIClass5beginEv  spi.o
    0x08008f54   0x08008f54   0x00000028   Code   RO         7352    i._ZN8SPIClassC1EP11SPI_TypeDef  spi.o
    0x08008f7c   0x08008f7c   0x00000088   Code   RO         7485    i._ZN8cMPU925010acc_commonEv  mpu9250.o
    0x08009004   0x08009004   0x0000000e   Code   RO         7486    i._ZN8cMPU925010mag_commonEv  mpu9250.o
    0x08009012   0x08009012   0x00000060   Code   RO         7487    i._ZN8cMPU925011acc_get_adcEv  mpu9250.o
    0x08009072   0x08009072   0x00000002   PAD
    0x08009074   0x08009074   0x00000094   Code   RO         7488    i._ZN8cMPU925011gyro_commonEv  mpu9250.o
    0x08009108   0x08009108   0x000000a8   Code   RO         7489    i._ZN8cMPU925011mag_get_adcEv  mpu9250.o
    0x080091b0   0x080091b0   0x00000060   Code   RO         7490    i._ZN8cMPU925012gyro_get_adcEv  mpu9250.o
    0x08009210   0x08009210   0x00000010   Code   RO         7494    i._ZN8cMPU925018gyro_cali_get_doneEv  mpu9250.o
    0x08009220   0x08009220   0x000001ec   Code   RO         7495    i._ZN8cMPU92504initEv  mpu9250.o
    0x0800940c   0x0800940c   0x00000070   Code   RO         7496    i._ZN8cMPU92505beginEv  mpu9250.o
    0x0800947c   0x0800947c   0x00000026   Code   RO         7497    i._ZN8cMPU92508acc_initEv  mpu9250.o
    0x080094a2   0x080094a2   0x00000026   Code   RO         7498    i._ZN8cMPU92508mag_initEv  mpu9250.o
    0x080094c8   0x080094c8   0x0000002c   Code   RO         7499    i._ZN8cMPU92509gyro_initEv  mpu9250.o
    0x080094f4   0x080094f4   0x00000012   Code   RO         7500    i._ZN8cMPU9250C1Ev  mpu9250.o
    0x08009506   0x08009506   0x00000002   PAD
    0x08009508   0x08009508   0x00000060   Code   RO          468    i._ZN8nav_msgs8OdometryC1Ev  main.o
    0x08009568   0x08009568   0x00000030   Code   RO          294    i._ZN8std_msgs6HeaderC1Ev  main.o
    0x08009598   0x08009598   0x00000012   Code   RO         7838    i._ZN9UARTClass5beginEj  uartclass.o
    0x080095aa   0x080095aa   0x00000028   Code   RO         7839    i._ZN9UARTClass5beginEjNS_9UARTModesE  uartclass.o
    0x080095d2   0x080095d2   0x0000002a   Code   RO         7841    i._ZN9UARTClass5writeEPKhj  uartclass.o
    0x080095fc   0x080095fc   0x0000001a   Code   RO         7842    i._ZN9UARTClass5writeEh  uartclass.o
    0x08009616   0x08009616   0x0000004c   Code   RO         7845    i._ZN9UARTClass9RxHandlerEv  uartclass.o
    0x08009662   0x08009662   0x00000024   Code   RO         7847    i._ZN9UARTClass9availableEv  uartclass.o
    0x08009686   0x08009686   0x00000002   PAD
    0x08009688   0x08009688   0x00000068   Code   RO         7848    i._ZN9UARTClassC1Ehh  uartclass.o
    0x080096f0   0x080096f0   0x00000038   Code   RO         8921    i._ZN9USBSerialC1Ev  usbserial.o
    0x08009728   0x08009728   0x00000020   Code   RO         7354    i._ZNK8SPIClass8transferEh  spi.o
    0x08009748   0x08009748   0x00000026   Code   RO        10956    i.__ARM_fpclassifyf  m_ws.l(fpclassifyf.o)
    0x0800976e   0x0800976e   0x00000010   Code   RO        10360    i.__cxa_guard_acquire  cpprt_w.l(cxa_guard_acquire.o)
    0x0800977e   0x0800977e   0x00000002   PAD
    0x08009780   0x08009780   0x0000005c   Code   RO        10855    i.__free$realloc    mc_w.l(mallocr.o)
    0x080097dc   0x080097dc   0x00000050   Code   RO        10856    i.__malloc$realloc  mc_w.l(mallocr.o)
    0x0800982c   0x0800982c   0x00000006   Code   RO        10959    i.__mathlib_flt_infnan  m_ws.l(funder.o)
    0x08009832   0x08009832   0x00000004   Code   RO        10960    i.__mathlib_flt_infnan2  m_ws.l(funder.o)
    0x08009836   0x08009836   0x00000008   Code   RO        10961    i.__mathlib_flt_invalid  m_ws.l(funder.o)
    0x0800983e   0x0800983e   0x0000000a   Code   RO        10964    i.__mathlib_flt_underflow  m_ws.l(funder.o)
    0x08009848   0x08009848   0x0000000e   Code   RO        11088    i.__scatterload_copy  mc_w.l(handlers.o)
    0x08009856   0x08009856   0x00000002   Code   RO        11089    i.__scatterload_null  mc_w.l(handlers.o)
    0x08009858   0x08009858   0x0000000e   Code   RO        11090    i.__scatterload_zeroinit  mc_w.l(handlers.o)
    0x08009866   0x08009866   0x00000002   PAD
    0x08009868   0x08009868   0x0000000c   Code   RO        11012    i.__set_errno       mc_w.l(errno.o)
    0x08009874   0x08009874   0x00000020   Code   RO         2436    i.__sti___10_drv_uart_c_81d51d31  drv_uart.o
    0x08009894   0x08009894   0x00000024   Code   RO         7355    i.__sti___7_SPI_cpp_SPI  spi.o
    0x080098b8   0x080098b8   0x000001d0   Code   RO           20    i.__sti___8_main_cpp_ttt_mp  main.o
    0x08009a88   0x08009a88   0x00000124   Code   RO        10473    i.asinf             m_ws.l(asinf.o)
    0x08009bac   0x08009bac   0x0000025c   Code   RO        10481    i.atan2f            m_ws.l(atan2f.o)
    0x08009e08   0x08009e08   0x00000014   Code   RO         2897    i.attachInterrupt   drv_exti.o
    0x08009e1c   0x08009e1c   0x00000174   Code   RO         2297    i.bsp_init          bsp.o
    0x08009f90   0x08009f90   0x00000050   Code   RO         2298    i.bsp_mpu_config    bsp.o
    0x08009fe0   0x08009fe0   0x00000014   Code   RO         2041    i.delay_init        delay.o
    0x08009ff4   0x08009ff4   0x00000018   Code   RO         2042    i.delay_ms          delay.o
    0x0800a00c   0x0800a00c   0x00000048   Code   RO         2043    i.delay_us          delay.o
    0x0800a054   0x0800a054   0x0000002c   Code   RO         2240    i.digitalRead       drv_pin.o
    0x0800a080   0x0800a080   0x00000054   Code   RO         2241    i.digitalWrite      drv_pin.o
    0x0800a0d4   0x0800a0d4   0x00000078   Code   RO         2138    i.drv_Led_Init      drv_led.o
    0x0800a14c   0x0800a14c   0x00000078   Code   RO         2898    i.drv_exti_init     drv_exti.o
    0x0800a1c4   0x0800a1c4   0x00000068   Code   RO         2619    i.drv_micros_init   drv_micros.o
    0x0800a22c   0x0800a22c   0x000000c0   Code   RO         2168    i.drv_spi_init      drv_spi.o
    0x0800a2ec   0x0800a2ec   0x0000003c   Code   RO         2437    i.drv_uart_available  drv_uart.o
    0x0800a328   0x0800a328   0x000000d4   Code   RO         2438    i.drv_uart_begin    drv_uart.o
    0x0800a3fc   0x0800a3fc   0x00000018   Code   RO         2439    i.drv_uart_err_handler  drv_uart.o
    0x0800a414   0x0800a414   0x0000000c   Code   RO         2441    i.drv_uart_get_mode  drv_uart.o
    0x0800a420   0x0800a420   0x00000030   Code   RO         2442    i.drv_uart_init     drv_uart.o
    0x0800a450   0x0800a450   0x00000030   Code   RO         2444    i.drv_uart_read_buf  drv_uart.o
    0x0800a480   0x0800a480   0x00000048   Code   RO         2445    i.drv_uart_start_rx  drv_uart.o
    0x0800a4c8   0x0800a4c8   0x0000002c   Code   RO         2446    i.drv_uart_write    drv_uart.o
    0x0800a4f4   0x0800a4f4   0x000000b0   Code   RO         7254    i.imu_spi_ak8963_reads  imu_spi.o
    0x0800a5a4   0x0800a5a4   0x00000018   Code   RO         7255    i.imu_spi_ak8963_write  imu_spi.o
    0x0800a5bc   0x0800a5bc   0x000000bc   Code   RO         7256    i.imu_spi_ak8963_writes  imu_spi.o
    0x0800a678   0x0800a678   0x0000003c   Code   RO         7259    i.imu_spi_read      imu_spi.o
    0x0800a6b4   0x0800a6b4   0x00000044   Code   RO         7260    i.imu_spi_reads     imu_spi.o
    0x0800a6f8   0x0800a6f8   0x00000030   Code   RO         7261    i.imu_spi_write     imu_spi.o
    0x0800a728   0x0800a728   0x00000048   Code   RO         7262    i.imu_spi_writes    imu_spi.o
    0x0800a770   0x0800a770   0x00000050   Code   RO        10857    i.internal_alloc    mc_w.l(mallocr.o)
    0x0800a7c0   0x0800a7c0   0x000000bc   Code   RO           21    i.main              main.o
    0x0800a87c   0x0800a87c   0x0000000c   Code   RO         2620    i.micros            drv_micros.o
    0x0800a888   0x0800a888   0x00000002   Code   RO         1959    i.osSystickHandler  stm32f7xx_it.o
    0x0800a88a   0x0800a88a   0x00000002   PAD
    0x0800a88c   0x0800a88c   0x0000007c   Code   RO         2242    i.pinMode           drv_pin.o
    0x0800a908   0x0800a908   0x0000001c   Code   RO         1630    i.sonar1_handle     csonar.o
    0x0800a924   0x0800a924   0x00000010   Code   RO         1631    i.sonar2_handle     csonar.o
    0x0800a934   0x0800a934   0x00000010   Code   RO         1632    i.sonar3_handle     csonar.o
    0x0800a944   0x0800a944   0x00000010   Code   RO         1633    i.sonar4_handle     csonar.o
    0x0800a954   0x0800a954   0x00000010   Code   RO         1634    i.sonar5_handle     csonar.o
    0x0800a964   0x0800a964   0x00000010   Code   RO         1635    i.sonar6_handle     csonar.o
    0x0800a974   0x0800a974   0x00000010   Code   RO         1636    i.sonar7_handle     csonar.o
    0x0800a984   0x0800a984   0x00000010   Code   RO         1637    i.sonar8_handle     csonar.o
    0x0800a994   0x0800a994   0x0000003e   Code   RO         1638    i.sonar_handle      csonar.o
    0x0800a9d2   0x0800a9d2   0x0000004c   Code   RO        10509    i.sqrt              m_ws.l(sqrt.o)
    0x0800aa1e   0x0800aa1e   0x0000002c   Code   RO        10517    i.sqrtf             m_ws.l(sqrtf.o)
    0x0800aa4a   0x0800aa4a   0x00000002   PAD
    0x0800aa4c   0x0800aa4c   0x00000030   Code   RO         2842    i.wdg_setup         wdg.o
    0x0800aa7c   0x0800aa7c   0x00000004   Code   RO         2843    i.wdg_start         wdg.o
    0x0800aa80   0x0800aa80   0x0000005c   Code   RO          456    t._ZN3ros10SubscriberIN13geometry_msgs25PoseWithCovarianceStampedEvEC1EPKcPFvRKS2_Ei  main.o
    0x0800aadc   0x0800aadc   0x000000cc   Code   RO          226    t._ZN3ros11NodeHandle_I15ArduinoHardwareLi25ELi25ELi1024ELi1024EEC1Ev  main.o
    0x0800aba8   0x0800aba8   0x00000018   Data   RO         1841    .constdata          system_stm32f7xx.o
    0x0800abc0   0x0800abc0   0x0000054c   Data   RO         2248    .constdata          drv_pin.o
    0x0800b10c   0x0800b10c   0x00000008   Data   RO         3496    .constdata          stm32f7xx_hal_dma.o
    0x0800b114   0x0800b114   0x00000210   Data   RO         7868    .constdata          uartclass.o
    0x0800b324   0x0800b324   0x0000000c   Data   RO         9019    .constdata__ZTV5Print  usbserial.o
    0x0800b330   0x0800b330   0x0000001c   Data   RO         9021    .constdata__ZTV6Stream  usbserial.o
    0x0800b34c   0x0800b34c   0x0000002c   Data   RO         7958    .constdata__ZTV9UARTClass  uartclass.o
    0x0800b378   0x0800b378   0x00000020   Data   RO         9017    .constdata__ZTV9USBSerial  usbserial.o
    0x0800b398   0x0800b398   0x00000018   Data   RO          495    .constdata__ZTVN11sensor_msgs3ImuE  main.o
    0x0800b3b0   0x0800b3b0   0x00000018   Data   RO          491    .constdata__ZTVN13geometry_msgs10QuaternionE  main.o
    0x0800b3c8   0x0800b3c8   0x00000018   Data   RO          509    .constdata__ZTVN13geometry_msgs16TransformStampedE  main.o
    0x0800b3e0   0x0800b3e0   0x00000018   Data   RO          503    .constdata__ZTVN13geometry_msgs18PoseWithCovarianceE  main.o
    0x0800b3f8   0x0800b3f8   0x00000018   Data   RO          515    .constdata__ZTVN13geometry_msgs19TwistWithCovarianceE  main.o
    0x0800b410   0x0800b410   0x00000018   Data   RO          505    .constdata__ZTVN13geometry_msgs25PoseWithCovarianceStampedE  main.o
    0x0800b428   0x0800b428   0x00000018   Data   RO          501    .constdata__ZTVN13geometry_msgs4PoseE  main.o
    0x0800b440   0x0800b440   0x00000018   Data   RO          499    .constdata__ZTVN13geometry_msgs5PointE  main.o
    0x0800b458   0x0800b458   0x00000018   Data   RO          497    .constdata__ZTVN13geometry_msgs5TwistE  main.o
    0x0800b470   0x0800b470   0x00000018   Data   RO          493    .constdata__ZTVN13geometry_msgs7Vector3E  main.o
    0x0800b488   0x0800b488   0x00000018   Data   RO          507    .constdata__ZTVN13geometry_msgs9TransformE  main.o
    0x0800b4a0   0x0800b4a0   0x00000018   Data   RO          483    .constdata__ZTVN14rosserial_msgs20RequestParamResponseE  main.o
    0x0800b4b8   0x0800b4b8   0x00000018   Data   RO          519    .constdata__ZTVN15turtlebot3_msgs11SensorStateE  main.o
    0x0800b4d0   0x0800b4d0   0x00000018   Data   RO          511    .constdata__ZTVN2tf9tfMessageE  main.o
    0x0800b4e8   0x0800b4e8   0x00000018   Data   RO          523    .constdata__ZTVN3ros10SubscriberIN13geometry_msgs25PoseWithCovarianceStampedEvEE  main.o
    0x0800b500   0x0800b500   0x00000018   Data   RO          521    .constdata__ZTVN3ros10SubscriberIN13geometry_msgs5TwistEvEE  main.o
    0x0800b518   0x0800b518   0x00000014   Data   RO          513    .constdata__ZTVN3ros11NodeHandle_I15ArduinoHardwareLi25ELi25ELi1024ELi1024EEE  main.o
    0x0800b52c   0x0800b52c   0x00000018   Data   RO          487    .constdata__ZTVN3ros11Subscriber_E  main.o
    0x0800b544   0x0800b544   0x00000014   Data   RO          485    .constdata__ZTVN3ros15NodeHandleBase_E  main.o
    0x0800b558   0x0800b558   0x00000018   Data   RO          475    .constdata__ZTVN3ros3MsgE  main.o
    0x0800b570   0x0800b570   0x00000018   Data   RO          517    .constdata__ZTVN8nav_msgs8OdometryE  main.o
    0x0800b588   0x0800b588   0x00000018   Data   RO          489    .constdata__ZTVN8std_msgs6HeaderE  main.o
    0x0800b5a0   0x0800b5a0   0x00000001   Data   RO          174    .constdata__ZZN13geometry_msgs16TransformStampedC1EvEs  main.o
    0x0800b5a1   0x0800b5a1   0x00000004   Data   RO          179    .constdata__ZZN2tf20TransformBroadcasterC1EvEs  main.o
    0x0800b5a5   0x0800b5a5   0x00000001   Data   RO          182    .constdata__ZZN8nav_msgs8OdometryC1EvEs  main.o
    0x0800b5a6   0x0800b5a6   0x00000001   Data   RO          153    .constdata__ZZN8std_msgs6HeaderC1EvEs  main.o
    0x0800b5a7   0x0800b5a7   0x00000001   PAD
    0x0800b5a8   0x0800b5a8   0x00000010   Data   RO         9635    .conststring        usbd_cdc_interface.o
    0x0800b5b8   0x0800b5b8   0x00000040   Data   RO        11086    Region$$Table       anon$$obj.o
    0x0800b5f8   0x0800b5f8   0x00000004   Data   RO           43    .init_array         main.o
    0x0800b5fc   0x0800b5f8   0x00000004   Data   RO         2474    .init_array         drv_uart.o
    0x0800b600   0x0800b5f8   0x00000004   Data   RO         7371    .init_array         spi.o
    0x0800b604   0x0800b5f8   0x00000000   Data   RO        10882    .init_array         mc_w.l(cpp_init.o)


    Execution Region RW_IRAM2 (Exec base: 0x20000000, Load base: 0x0800b6d0, Size: 0x00004ab0, Max: 0x00010000, ABSOLUTE)

    Exec Addr    Load Addr    Size         Type   Attr      Idx    E Section Name        Object

    0x20000000   0x0800b6d0   0x00000014   Data   RW         2473    .data               drv_uart.o
    0x20000014   0x0800b6e4   0x00000044   Data   RW         9636    .data               usbd_cdc_interface.o
    0x20000058   0x0800b728   0x00000004   Data   RW        11009    .data               mc_w.l(mvars.o)
    0x2000005c   0x0800b72c   0x00000004   Data   RW        11023    .data               mc_w.l(cpp_dtor.o)
    0x20000060        -       0x00000224   Zero   RW         2306    .bss                bsp.o
    0x20000284        -       0x0000003c   Zero   RW         2623    .bss                drv_micros.o
    0x200002c0        -       0x000001b8   Zero   RW         2688    .bss                drv_timer.o
    0x20000478        -       0x00000010   Zero   RW         2848    .bss                wdg.o
    0x20000488        -       0x000000c0   Zero   RW         2910    .bss                drv_exti.o
    0x20000548        -       0x00000068   Zero   RW         7370    .bss                spi.o
    0x200005b0        -       0x00000100   Zero   RW        10225    .bss                usbd_desc.o
    0x200006b0        -       0x00004400   Zero   RW         2032    HEAP                startup_stm32f746xx.o


    Execution Region RW_IRAM1 (Exec base: 0x20010000, Load base: 0x0800b604, Size: 0x00014ac0, Max: 0x00020000, ABSOLUTE, COMPRESSED[0x000000cc])

    Exec Addr    Load Addr    Size         Type   Attr      Idx    E Section Name        Object

    0x20010000   COMPRESSED   0x000000a8   Data   RW           42    .data               main.o
    0x200100a8   COMPRESSED   0x00000004   Data   RW         1842    .data               system_stm32f7xx.o
    0x200100ac   COMPRESSED   0x00000004   Data   RW         2047    .data               delay.o
    0x200100b0   COMPRESSED   0x00000004   Data   RW         3170    .data               stm32f7xx_hal.o
    0x200100b4   COMPRESSED   0x00000014   Data   RW         7612    .data               imu.o
    0x200100c8   COMPRESSED   0x00000110   Data   RW         9513    .data               usbd_cdc.o
    0x200101d8   COMPRESSED   0x00000001   Data   RW        10126    .data               usbd_ctlreq.o
    0x200101d9   COMPRESSED   0x00000003   PAD
    0x200101dc   COMPRESSED   0x0000004e   Data   RW        10226    .data               usbd_desc.o
    0x2001022a   COMPRESSED   0x00000002   PAD
    0x2001022c   COMPRESSED   0x00000004   Data   RW        11008    .data               mc_w.l(mvars.o)
    0x20010230   COMPRESSED   0x00000004   Data   RW        11013    .data               mc_w.l(errno.o)
    0x20010234   COMPRESSED   0x00000004   PAD
    0x20010238        -       0x0000149c   Zero   RW           40    .bss                main.o
    0x200116d4   COMPRESSED   0x00000004   PAD
    0x200116d8        -       0x000000c0   Zero   RW         1654    .bss                csonar.o
    0x20011798        -       0x00000148   Zero   RW         2179    .bss                drv_spi.o
    0x200118e0        -       0x000015a0   Zero   RW         2472    .bss                drv_uart.o
    0x20012e80        -       0x00000018   Zero   RW         7517    .bss                mpu9250.o
    0x20012e98        -       0x00000024   Zero   RW         7611    .bss                imu.o
    0x20012ebc        -       0x00005840   Zero   RW         9634    .bss                usbd_cdc_interface.o
    0x200186fc        -       0x000003c0   Zero   RW         9774    .bss                usbd_conf.o
    0x20018abc   COMPRESSED   0x00000004   PAD
    0x20018ac0        -       0x0000c000   Zero   RW         2031    STACK               startup_stm32f746xx.o


==============================================================================

Image component sizes


      Code (inc. data)   RO Data    RW Data    ZI Data      Debug   Object Name

       610         42          0          0        548      40367   bsp.o
        46         16          0          0          0       1608   ckalman.o
       394         22          0          0          0       2232   cmotor.o
        18          0          0          0          0       1601   cpackage.o
      1208        110          0          0        192      11875   csonar.o
       116          8          0          4          0       1787   delay.o
       966         40          0          0        192       6506   drv_exti.o
       120          8          0          0          0        555   drv_led.o
       116         26          0          0         60       1507   drv_micros.o
       252         22       1356          0          0       4092   drv_pin.o
       576         54          0          0        328       2279   drv_spi.o
       452         56          0          0        440       5461   drv_timer.o
      1302        186          4         20       5536      14422   drv_uart.o
      1172         52          0         20         36       6352   imu.o
       636         20          0          0          0       5706   imu_spi.o
      1998         14          0          0          0       3396   madgwickahrs.o
      2410        432        531        168       5276     458618   main.o
      1416         12          0          0         24       7160   mpu9250.o
       436         40          4          0        104       6112   spi.o
        36          8        456          0      66560        808   startup_stm32f746xx.o
       136         20          0          4          0       3993   stm32f7xx_hal.o
       566         44          0          0          0      38817   stm32f7xx_hal_cortex.o
      1296         20          8          0          0       5894   stm32f7xx_hal_dma.o
       600         56          0          0          0       4123   stm32f7xx_hal_gpio.o
        98          0          0          0          0       1116   stm32f7xx_hal_iwdg.o
      3106         44          0          0          0      10633   stm32f7xx_hal_pcd.o
       134          4          0          0          0       2917   stm32f7xx_hal_pcd_ex.o
       144          8          0          0          0       1240   stm32f7xx_hal_pwr_ex.o
      1936         64          0          0          0       5140   stm32f7xx_hal_rcc.o
      2328         26          0          0          0       2224   stm32f7xx_hal_rcc_ex.o
      1616          0          0          0          0       5469   stm32f7xx_hal_spi.o
       752         44          0          0          0       5332   stm32f7xx_hal_tim.o
      2912         66          0          0          0      13534   stm32f7xx_hal_uart.o
        36          0          0          0          0       3462   stm32f7xx_it.o
      3110         58          0          0          0      19210   stm32f7xx_ll_usb.o
       110          0          0          0          0        669   system_clock.o
        84         16         24          4          0     412855   system_stm32f7xx.o
       342         12        572          0          0       6456   uartclass.o
       728         30          0        272          0      15286   usbd_cdc.o
       692        136         16         68      22592       4632   usbd_cdc_interface.o
      1228         42          0          0        960      14855   usbd_conf.o
       792          0          0          0          0      10713   usbd_core.o
      1584         30          0          1          0       9196   usbd_ctlreq.o
       430        166          0         78        256       6578   usbd_desc.o
       174          0          0          0          0       3956   usbd_ioreq.o
        56         14         72          0          0      13092   usbserial.o
        52         10          0          0         16       1156   wdg.o

    ----------------------------------------------------------------------
     39366       2078       3108        644     103128    1204992   Object Totals
         0          0         64          0          0          0   (incl. Generated)
        44          0          1          5          8          0   (incl. Padding)

    ----------------------------------------------------------------------

      Code (inc. data)   RO Data    RW Data    ZI Data      Debug   Library Member Name

        16          0          0          0          0         68   cxa_guard_acquire.o
       292         38          0          0          0        120   asinf.o
       604         76          0          0          0        116   atan2f.o
        38          0          0          0          0         68   fpclassifyf.o
        28          0          0          0          0        272   funder.o
        76          0          0          0          0         84   sqrt.o
        44          0          0          0          0         80   sqrtf.o
        86          0          0          0          0          0   __dczerorl2.o
        46          0          0          0          0         84   aeabi_atexit.o
         8          4          0          4          0         68   cpp_dtor.o
         2          0          0          0          0         68   cpp_final.o
        32         10          0          0          0         80   cpp_init.o
        66          0          0          0          0         84   cxa_finalize.o
         0          0          0          0          0          0   entry.o
         0          0          0          0          0          0   entry10a.o
         4          0          0          0          0          0   entry10b.o
         0          0          0          0          0          0   entry11a.o
         8          4          0          0          0          0   entry2.o
         4          0          0          0          0          0   entry5.o
         0          0          0          0          0          0   entry7b.o
         4          0          0          0          0          0   entry8a.o
         0          0          0          0          0          0   entry8b.o
         8          4          0          0          0          0   entry9a.o
        12          6          0          4          0         68   errno.o
        30          0          0          0          0          0   handlers.o
        36          8          0          0          0         68   init.o
         0          0          0          0          0          0   iusefp.o
        30          0          0          0          0         68   llshl.o
        36          0          0          0          0         68   llsshr.o
        32          0          0          0          0         68   llushr.o
       252         24          0          0          0        252   mallocr.o
        64          0          0          0          0         76   memmovea.o
        36          0          0          0          0        108   memseta.o
         0          0          0          8          0          0   mvars.o
        98          0          0          0          0         92   uldiv.o
        48          0          0          0          0         68   cdcmple.o
        48          0          0          0          0         68   cdrcmple.o
        20          0          0          0          0         68   cfcmple.o
       334          0          0          0          0        148   dadd.o
       222          0          0          0          0        100   ddiv.o
       186          0          0          0          0        176   depilogue.o
        62          0          0          0          0         80   dfixi.o
        34          0          0          0          0         76   dflti.o
       228          0          0          0          0         96   dmul.o
       162          0          0          0          0        100   dsqrt.o
        38          0          0          0          0         68   f2d.o
       176          0          0          0          0        140   fadd.o
       124          0          0          0          0         88   fdiv.o
       110          0          0          0          0        168   fepilogue.o
        50          0          0          0          0         68   ffixi.o
        18          0          0          0          0         68   fflti.o
        10          0          0          0          0         68   ffltui.o
        28          0          0          0          0         84   ffltul.o
       100          0          0          0          0         76   fmul.o
        24          0          0          0          0         68   fscalb.o
        94          0          0          0          0         96   fsqrt.o

    ----------------------------------------------------------------------
      4122        174          0         16          4       4032   Library Totals
        14          0          0          0          4          0   (incl. Padding)

    ----------------------------------------------------------------------

      Code (inc. data)   RO Data    RW Data    ZI Data      Debug   Library Name

        16          0          0          0          0         68   cpprt_w.l
      1082        114          0          0          0        740   m_ws.l
       894         60          0         16          0       1252   mc_w.l
      2116          0          0          0          0       1972   mf_w.l

    ----------------------------------------------------------------------
      4122        174          0         16          4       4032   Library Totals

    ----------------------------------------------------------------------

==============================================================================


      Code (inc. data)   RO Data    RW Data    ZI Data      Debug   

     43488       2252       3108        660     103132    1188560   Grand Totals
     43488       2252       3108        300     103132    1188560   ELF Image Totals (compressed)
     43488       2252       3108        300          0          0   ROM Totals

==============================================================================

    Total RO  Size (Code + RO Data)                46596 (  45.50kB)
    Total RW  Size (RW Data + ZI Data)            103792 ( 101.36kB)
    Total ROM Size (Code + RO Data + RW Data)      46896 (  45.80kB)

==============================================================================

